Archive member included to satisfy reference by file (symbol)

C:/Users/Bayu/.pico-sdk/toolchain/14_2_Rel1/bin/../lib/gcc/arm-none-eabi/14.2.1/thumb/v6-m/nofp\libgcc.a(_dvmd_tls.o)
                              CMakeFiles/MGController_RP2040.dir/C_/Users/Bayu/.pico-sdk/sdk/2.2.0/src/rp2_common/pico_divider/divider_hardware.S.obj (__aeabi_idiv0)
C:/Users/Bayu/.pico-sdk/toolchain/14_2_Rel1/bin/../lib/gcc/arm-none-eabi/14.2.1/thumb/v6-m/nofp\libg.a(libc_a-calloc.o)
                              CMakeFiles/MGController_RP2040.dir/C_/Users/Bayu/.pico-sdk/sdk/2.2.0/src/rp2_common/pico_malloc/malloc.c.obj (calloc)
C:/Users/Bayu/.pico-sdk/toolchain/14_2_Rel1/bin/../lib/gcc/arm-none-eabi/14.2.1/thumb/v6-m/nofp\libg.a(libc_a-callocr.o)
                              C:/Users/Bayu/.pico-sdk/toolchain/14_2_Rel1/bin/../lib/gcc/arm-none-eabi/14.2.1/thumb/v6-m/nofp\libg.a(libc_a-calloc.o) (_calloc_r)
C:/Users/Bayu/.pico-sdk/toolchain/14_2_Rel1/bin/../lib/gcc/arm-none-eabi/14.2.1/thumb/v6-m/nofp\libg.a(libc_a-malloc.o)
                              CMakeFiles/MGController_RP2040.dir/C_/Users/Bayu/.pico-sdk/sdk/2.2.0/src/rp2_common/pico_malloc/malloc.c.obj (malloc)
C:/Users/Bayu/.pico-sdk/toolchain/14_2_Rel1/bin/../lib/gcc/arm-none-eabi/14.2.1/thumb/v6-m/nofp\libg.a(libc_a-mallocr.o)
                              C:/Users/Bayu/.pico-sdk/toolchain/14_2_Rel1/bin/../lib/gcc/arm-none-eabi/14.2.1/thumb/v6-m/nofp\libg.a(libc_a-callocr.o) (_malloc_r)
C:/Users/Bayu/.pico-sdk/toolchain/14_2_Rel1/bin/../lib/gcc/arm-none-eabi/14.2.1/thumb/v6-m/nofp\libg.a(libc_a-mlock.o)
                              C:/Users/Bayu/.pico-sdk/toolchain/14_2_Rel1/bin/../lib/gcc/arm-none-eabi/14.2.1/thumb/v6-m/nofp\libg.a(libc_a-mallocr.o) (__malloc_lock)
C:/Users/Bayu/.pico-sdk/toolchain/14_2_Rel1/bin/../lib/gcc/arm-none-eabi/14.2.1/thumb/v6-m/nofp\libg.a(libc_a-realloc.o)
                              CMakeFiles/MGController_RP2040.dir/C_/Users/Bayu/.pico-sdk/sdk/2.2.0/src/rp2_common/pico_malloc/malloc.c.obj (realloc)
C:/Users/Bayu/.pico-sdk/toolchain/14_2_Rel1/bin/../lib/gcc/arm-none-eabi/14.2.1/thumb/v6-m/nofp\libg.a(libc_a-reallocr.o)
                              C:/Users/Bayu/.pico-sdk/toolchain/14_2_Rel1/bin/../lib/gcc/arm-none-eabi/14.2.1/thumb/v6-m/nofp\libg.a(libc_a-realloc.o) (_realloc_r)
C:/Users/Bayu/.pico-sdk/toolchain/14_2_Rel1/bin/../lib/gcc/arm-none-eabi/14.2.1/thumb/v6-m/nofp\libg.a(libc_a-ctype_.o)
                              CMakeFiles/MGController_RP2040.dir/C_/Users/Bayu/.pico-sdk/sdk/2.2.0/lib/tinyusb/src/tusb.c.obj (_ctype_)
C:/Users/Bayu/.pico-sdk/toolchain/14_2_Rel1/bin/../lib/gcc/arm-none-eabi/14.2.1/thumb/v6-m/nofp\libg.a(libc_a-memcmp.o)
                              CMakeFiles/MGController_RP2040.dir/C_/Users/Bayu/.pico-sdk/sdk/2.2.0/src/rp2_common/pico_atomic/atomic.c.obj (memcmp)
C:/Users/Bayu/.pico-sdk/toolchain/14_2_Rel1/bin/../lib/gcc/arm-none-eabi/14.2.1/thumb/v6-m/nofp\libg.a(libc_a-memmove.o)
                              C:/Users/Bayu/.pico-sdk/toolchain/14_2_Rel1/bin/../lib/gcc/arm-none-eabi/14.2.1/thumb/v6-m/nofp\libg.a(libc_a-reallocr.o) (memmove)
C:/Users/Bayu/.pico-sdk/toolchain/14_2_Rel1/bin/../lib/gcc/arm-none-eabi/14.2.1/thumb/v6-m/nofp\libg.a(libc_a-lcltime_r.o)
                              CMakeFiles/MGController_RP2040.dir/C_/Users/Bayu/.pico-sdk/sdk/2.2.0/src/common/pico_util/datetime.c.obj (localtime_r)
C:/Users/Bayu/.pico-sdk/toolchain/14_2_Rel1/bin/../lib/gcc/arm-none-eabi/14.2.1/thumb/v6-m/nofp\libg.a(libc_a-mktime.o)
                              CMakeFiles/MGController_RP2040.dir/C_/Users/Bayu/.pico-sdk/sdk/2.2.0/src/common/pico_util/datetime.c.obj (mktime)
C:/Users/Bayu/.pico-sdk/toolchain/14_2_Rel1/bin/../lib/gcc/arm-none-eabi/14.2.1/thumb/v6-m/nofp\libg.a(libc_a-month_lengths.o)
                              C:/Users/Bayu/.pico-sdk/toolchain/14_2_Rel1/bin/../lib/gcc/arm-none-eabi/14.2.1/thumb/v6-m/nofp\libg.a(libc_a-lcltime_r.o) (__month_lengths)
C:/Users/Bayu/.pico-sdk/toolchain/14_2_Rel1/bin/../lib/gcc/arm-none-eabi/14.2.1/thumb/v6-m/nofp\libg.a(libc_a-tzcalc_limits.o)
                              C:/Users/Bayu/.pico-sdk/toolchain/14_2_Rel1/bin/../lib/gcc/arm-none-eabi/14.2.1/thumb/v6-m/nofp\libg.a(libc_a-lcltime_r.o) (__tzcalc_limits)
C:/Users/Bayu/.pico-sdk/toolchain/14_2_Rel1/bin/../lib/gcc/arm-none-eabi/14.2.1/thumb/v6-m/nofp\libg.a(libc_a-tzlock.o)
                              C:/Users/Bayu/.pico-sdk/toolchain/14_2_Rel1/bin/../lib/gcc/arm-none-eabi/14.2.1/thumb/v6-m/nofp\libg.a(libc_a-lcltime_r.o) (__tz_lock)
C:/Users/Bayu/.pico-sdk/toolchain/14_2_Rel1/bin/../lib/gcc/arm-none-eabi/14.2.1/thumb/v6-m/nofp\libg.a(libc_a-tzset.o)
                              C:/Users/Bayu/.pico-sdk/toolchain/14_2_Rel1/bin/../lib/gcc/arm-none-eabi/14.2.1/thumb/v6-m/nofp\libg.a(libc_a-lcltime_r.o) (_tzset_unlocked)
C:/Users/Bayu/.pico-sdk/toolchain/14_2_Rel1/bin/../lib/gcc/arm-none-eabi/14.2.1/thumb/v6-m/nofp\libg.a(libc_a-tzset_r.o)
[...]
Memory Configuration

Name             Origin             Length             Attributes
FLASH            0x10000000         0x00200000         xr
RAM              0x20000000         0x00040000         xrw
SCRATCH_X        0x20040000         0x00001000         xrw
SCRATCH_Y        0x20041000         0x00001000         xrw
*default*        0x00000000         0xffffffff

Linker script and memory map

LOAD C:/Users/Bayu/.pico-sdk/toolchain/14_2_Rel1/bin/../lib/gcc/arm-none-eabi/14.2.1/thumb/v6-m/nofp/crti.o
LOAD C:/Users/Bayu/.pico-sdk/toolchain/14_2_Rel1/bin/../lib/gcc/arm-none-eabi/14.2.1/thumb/v6-m/nofp/crtbegin.o
LOAD C:/Users/Bayu/.pico-sdk/toolchain/14_2_Rel1/bin/../lib/gcc/arm-none-eabi/14.2.1/thumb/v6-m/nofp/crt0.o

.flash_begin    0x10000000        0x0
                0x10000000                        __flash_binary_start = .

.boot2          0x10000000      0x100
                0x10000000                        __boot2_start__ = .
 *(.boot2)
 .boot2         0x10000000      0x100 pico-sdk/src/rp2040/boot_stage2/CMakeFiles/bs2_default_library.dir/./bs2_default_padded_checksummed.S.obj
                0x10000100                        __boot2_end__ = .
                0x00000001                        ASSERT (((__boot2_end__ - __boot2_start__) == 0x100), ERROR: Pico second stage bootloader must be 256 bytes in size)

.text           0x10000100     0x8014
                0x10000100                        __logical_binary_start = .
 *(.vectors)
 .vectors       0x10000100       0xd4 CMakeFiles/MGController_RP2040.dir/C_/Users/Bayu/.pico-sdk/sdk/2.2.0/src/rp2_common/pico_crt0/crt0.S.obj
                0x10000100                __VECTOR_TABLE
                0x10000100                __vectors
                0x100001c0                isr_irq13
                0x100001c0                isr_irq27
                0x100001c0                isr_irq31
                0x100001c0                isr_irq12
                0x100001c0                isr_irq5
                0x100001c0                isr_irq11
                0x100001c0                isr_irq3
                0x100001c0                isr_irq23
                0x100001c0                __unhandled_user_irq
                0x100001c0                isr_irq26
                0x100001c0                isr_irq28
                0x100001c0                isr_irq19
                0x100001c0                isr_irq0
                0x100001c0                isr_irq6
                0x100001c0                isr_irq29
                0x100001c0                isr_irq16
                0x100001c0                isr_irq22
                0x100001c0                isr_irq18
                0x100001c0                isr_irq17
                0x100001c0                isr_irq14
                0x100001c0                __vectors_end
                0x100001c0                __default_isrs_start
                0x100001c0                isr_irq2
                0x100001c0                isr_irq10
                0x100001c0                isr_irq8
                0x100001c0                isr_irq24
                0x100001c0                isr_irq1
                0x100001c0                isr_irq7
                0x100001c0                isr_irq21
                0x100001c0                isr_irq20
                0x100001c0                isr_irq15
                0x100001c0                isr_irq25
                0x100001c0                isr_irq4
                0x100001c0                isr_irq30
                0x100001c0                isr_irq9
                0x100001c6                unhandled_user_irq_num_in_r0
                0x100001c8                isr_invalid
                0x100001ca                isr_nmi
                0x100001cc                isr_hardfault
                0x100001ce                isr_svcall
                0x100001d0                isr_pendsv
                0x100001d2                isr_systick
                0x100001d4                __default_isrs_end
 *(.binary_info_header)
 .binary_info_header
                0x100001d4       0x14 CMakeFiles/MGController_RP2040.dir/C_/Users/Bayu/.pico-sdk/sdk/2.2.0/src/rp2_common/pico_crt0/crt0.S.obj
                0x100001e8                        __binary_info_header_end = .
 *(.embedded_block)
                0x100001e8                        __embedded_block_end = .
 *(.reset)
 .reset         0x100001e8       0x9c CMakeFiles/MGController_RP2040.dir/C_/Users/Bayu/.pico-sdk/sdk/2.2.0/src/rp2_common/pico_crt0/crt0.S.obj
                0x100001e8                _entry_point
 *(.init)
 .init          0x10000284        0x4 C:/Users/Bayu/.pico-sdk/toolchain/14_2_Rel1/bin/../lib/gcc/arm-none-eabi/14.2.1/thumb/v6-m/nofp/crti.o
                0x10000284                _init
 *(EXCLUDE_FILE(*libm.a: *libc.a:*lib_a-mem*.o *libgcc.a:) .text*)
 .text.register_tm_clones
                0x10000288       0x28 C:/Users/Bayu/.pico-sdk/toolchain/14_2_Rel1/bin/../lib/gcc/arm-none-eabi/14.2.1/thumb/v6-m/nofp/crtbegin.o
 .text.frame_dummy
                0x100002b0       0x24 C:/Users/Bayu/.pico-sdk/toolchain/14_2_Rel1/bin/../lib/gcc/arm-none-eabi/14.2.1/thumb/v6-m/nofp/crtbegin.o
 .text.sm_config_set_clkdiv
                0x100002d4       0x44 CMakeFiles/MGController_RP2040.dir/main.c.obj
 .text.pio_get_default_sm_config
                0x10000318       0x28 CMakeFiles/MGController_RP2040.dir/main.c.obj
 .text.signal_generator_program_get_default_config
                0x10000340       0x28 CMakeFiles/MGController_RP2040.dir/main.c.obj
 .text.alarm_callback
                0x10000368       0x2c CMakeFiles/MGController_RP2040.dir/main.c.obj
                0x10000368                alarm_callback
 .text.alarm_pool_add_alarm_in_ms
                0x10000394       0x64 CMakeFiles/MGController_RP2040.dir/main.c.obj
 .text.add_alarm_in_ms
                0x100003f8       0x20 CMakeFiles/MGController_RP2040.dir/main.c.obj
 .text.updateMenu
                0x10000418      0x190 CMakeFiles/MGController_RP2040.dir/main.c.obj
                0x10000418                updateMenu
 .text.aturFrekuensi
                0x100005a8       0x44 CMakeFiles/MGController_RP2040.dir/main.c.obj
                0x100005a8                aturFrekuensi
 .text.aturLebarPulsa
                0x100005ec       0x74 CMakeFiles/MGController_RP2040.dir/main.c.obj
                0x100005ec                aturLebarPulsa
 .text.aturWaktuPerlakuan
                0x10000660       0x44 CMakeFiles/MGController_RP2040.dir/main.c.obj
                0x10000660                aturWaktuPerlakuan
 .text.aturBedaFasa
                0x100006a4       0x74 CMakeFiles/MGController_RP2040.dir/main.c.obj
                0x100006a4                aturBedaFasa
 .text.handle_buttons
                0x10000718      0x164 CMakeFiles/MGController_RP2040.dir/main.c.obj
                0x10000718                handle_buttons
 .text.init_pio_system
                0x1000087c       0xa8 CMakeFiles/MGController_RP2040.dir/main.c.obj
                0x1000087c                init_pio_system
 .text.configure_pio_parameters
                0x10000924      0x108 CMakeFiles/MGController_RP2040.dir/main.c.obj
                0x10000924                configure_pio_parameters
 .text.calculate_delays
                0x10000a2c       0xa8 CMakeFiles/MGController_RP2040.dir/main.c.obj
                0x10000a2c                calculate_delays
 .text.startPulseGeneration
                0x10000ad4      0x188 CMakeFiles/MGController_RP2040.dir/main.c.obj
                0x10000ad4                startPulseGeneration
 .text.load_parameters
                0x10000c5c       0x58 CMakeFiles/MGController_RP2040.dir/main.c.obj
                0x10000c5c                load_parameters
 .text.save_parameters
                0x10000cb4       0x94 CMakeFiles/MGController_RP2040.dir/main.c.obj
                0x10000cb4                save_parameters
 .text.handle_menu
                0x10000d48      0x24c CMakeFiles/MGController_RP2040.dir/main.c.obj
                0x10000d48                handle_menu
 .text.main     0x10000f94       0xc4 CMakeFiles/MGController_RP2040.dir/main.c.obj
                0x10000f94                main
 .text.i2c_write_byte
                0x10001058       0x28 CMakeFiles/MGController_RP2040.dir/lib/lcd_i2c.c.obj
                0x10001058                i2c_write_byte
 .text.lcd_toggle_enable
                0x10001080       0x38 CMakeFiles/MGController_RP2040.dir/lib/lcd_i2c.c.obj
                0x10001080                lcd_toggle_enable
 .text.lcd_send_byte
                0x100010b8       0x3c CMakeFiles/MGController_RP2040.dir/lib/lcd_i2c.c.obj
                0x100010b8                lcd_send_byte
 .text.lcd_send_cmd
                0x100010f4        0xa CMakeFiles/MGController_RP2040.dir/lib/lcd_i2c.c.obj
                0x100010f4                lcd_send_cmd
 .text.lcd_send_char
                0x100010fe        0xa CMakeFiles/MGController_RP2040.dir/lib/lcd_i2c.c.obj
                0x100010fe                lcd_send_char
 .text.lcd_clear
                0x10001108       0x10 CMakeFiles/MGController_RP2040.dir/lib/lcd_i2c.c.obj
                0x10001108                lcd_clear
 .text.lcd_set_cursor
                0x10001118       0x14 CMakeFiles/MGController_RP2040.dir/lib/lcd_i2c.c.obj
                0x10001118                lcd_set_cursor
 .text.lcd_string
                0x1000112c       0x14 CMakeFiles/MGController_RP2040.dir/lib/lcd_i2c.c.obj
                0x1000112c                lcd_string
 .text.lcd_init
                0x10001140       0x50 CMakeFiles/MGController_RP2040.dir/lib/lcd_i2c.c.obj
                0x10001140                lcd_init
 .text.gpio_set_function
                0x10001190       0x34 CMakeFiles/MGController_RP2040.dir/C_/Users/Bayu/.pico-sdk/sdk/2.2.0/src/rp2_common/hardware_gpio/gpio.c.obj
                0x10001190                gpio_set_function
 .text.gpio_set_pulls
                0x100011c4       0x38 CMakeFiles/MGController_RP2040.dir/C_/Users/Bayu/.pico-sdk/sdk/2.2.0/src/rp2_common/hardware_gpio/gpio.c.obj
                0x100011c4                gpio_set_pulls
 .text.gpio_init
                0x100011fc       0x16 CMakeFiles/MGController_RP2040.dir/C_/Users/Bayu/.pico-sdk/sdk/2.2.0/src/rp2_common/hardware_gpio/gpio.c.obj
                0x100011fc                gpio_init
 *fill*         0x10001212        0x2 
 .text.rp2040_chip_version
                0x10001214       0x54 CMakeFiles/MGController_RP2040.dir/C_/Users/Bayu/.pico-sdk/sdk/2.2.0/src/rp2040/pico_platform/platform.c.obj
                0x10001214                rp2040_chip_version
 .text.panic    0x10001268       0x30 CMakeFiles/MGController_RP2040.dir/C_/Users/Bayu/.pico-sdk/sdk/2.2.0/src/rp2_common/pico_platform_panic/panic.c.obj
                0x10001268                panic
 .text.hw_claim_lock
                0x10001298       0x18 CMakeFiles/MGController_RP2040.dir/C_/Users/Bayu/.pico-sdk/sdk/2.2.0/src/common/hardware_claim/claim.c.obj
                0x10001298                hw_claim_lock
 .text.hw_claim_unlock
                0x100012b0       0x14 CMakeFiles/MGController_RP2040.dir/C_/Users/Bayu/.pico-sdk/sdk/2.2.0/src/common/hardware_claim/claim.c.obj
                0x100012b0                hw_claim_unlock
 .text.hw_claim_or_assert
                0x100012c4       0x32 CMakeFiles/MGController_RP2040.dir/C_/Users/Bayu/.pico-sdk/sdk/2.2.0/src/common/hardware_claim/claim.c.obj
                0x100012c4                hw_claim_or_assert
 .text.hw_claim_unused_from_range
                0x100012f6       0x50 CMakeFiles/MGController_RP2040.dir/C_/Users/Bayu/.pico-sdk/sdk/2.2.0/src/common/hardware_claim/claim.c.obj
                0x100012f6                hw_claim_unused_from_range
 *fill*         0x10001346        0x2 
 .text.next_striped_spin_lock_num
                0x10001348       0x1c CMakeFiles/MGController_RP2040.dir/C_/Users/Bayu/.pico-sdk/sdk/2.2.0/src/rp2_common/hardware_sync/sync.c.obj
                0x10001348                next_striped_spin_lock_num
 .text.spin_lock_claim_unused
                0x10001364       0x24 CMakeFiles/MGController_RP2040.dir/C_/Users/Bayu/.pico-sdk/sdk/2.2.0/src/rp2_common/hardware_sync/sync.c.obj
                0x10001364                spin_lock_claim_unused
 .text.spin_locks_reset
                0x10001388       0x20 CMakeFiles/MGController_RP2040.dir/C_/Users/Bayu/.pico-sdk/sdk/2.2.0/src/rp2_common/hardware_sync_spin_lock/sync_spin_lock.c.obj
                0x10001388                spin_locks_reset
 .text.set_raw_irq_handler_and_unlock
                0x100013a8       0x28 CMakeFiles/MGController_RP2040.dir/C_/Users/Bayu/.pico-sdk/sdk/2.2.0/src/rp2_common/hardware_irq/irq.c.obj
 .text.nvic_ipr0
                0x100013d0        0x8 CMakeFiles/MGController_RP2040.dir/C_/Users/Bayu/.pico-sdk/sdk/2.2.0/src/rp2_common/hardware_irq/irq.c.obj
 .text.runtime_init_per_core_irq_priorities
                0x100013d8       0x1c CMakeFiles/MGController_RP2040.dir/C_/Users/Bayu/.pico-sdk/sdk/2.2.0/src/rp2_common/hardware_irq/irq.c.obj
                0x100013d8                runtime_init_per_core_irq_priorities
 .text.resolve_j_16
                0x100013f4       0x30 CMakeFiles/MGController_RP2040.dir/C_/Users/Bayu/.pico-sdk/sdk/2.2.0/src/rp2_common/hardware_irq/irq.c.obj
 .text.make_j_16
                0x10001424       0x48 CMakeFiles/MGController_RP2040.dir/C_/Users/Bayu/.pico-sdk/sdk/2.2.0/src/rp2_common/hardware_irq/irq.c.obj
 .text.irq_is_enabled
                0x1000146c       0x18 CMakeFiles/MGController_RP2040.dir/C_/Users/Bayu/.pico-sdk/sdk/2.2.0/src/rp2_common/hardware_irq/irq.c.obj
                0x1000146c                irq_is_enabled
 .text.irq_set_mask_n_enabled
                0x10001484       0x1c CMakeFiles/MGController_RP2040.dir/C_/Users/Bayu/.pico-sdk/sdk/2.2.0/src/rp2_common/hardware_irq/irq.c.obj
                0x10001484                irq_set_mask_n_enabled
 .text.irq_set_enabled
                0x100014a0       0x14 CMakeFiles/MGController_RP2040.dir/C_/Users/Bayu/.pico-sdk/sdk/2.2.0/src/rp2_common/hardware_irq/irq.c.obj
                0x100014a0                irq_set_enabled
 .text.irq_set_pending
                0x100014b4       0x10 CMakeFiles/MGController_RP2040.dir/C_/Users/Bayu/.pico-sdk/sdk/2.2.0/src/rp2_common/hardware_irq/irq.c.obj
                0x100014b4                irq_set_pending
 .text.irq_get_vtable_handler
                0x100014c4       0x10 CMakeFiles/MGController_RP2040.dir/C_/Users/Bayu/.pico-sdk/sdk/2.2.0/src/rp2_common/hardware_irq/irq.c.obj
                0x100014c4                irq_get_vtable_handler
 .text.irq_has_shared_handler
                0x100014d4       0x1c CMakeFiles/MGController_RP2040.dir/C_/Users/Bayu/.pico-sdk/sdk/2.2.0/src/rp2_common/hardware_irq/irq.c.obj
                0x100014d4                irq_has_shared_handler
 .text.irq_set_exclusive_handler
                0x100014f0       0x54 CMakeFiles/MGController_RP2040.dir/C_/Users/Bayu/.pico-sdk/sdk/2.2.0/src/rp2_common/hardware_irq/irq.c.obj
                0x100014f0                irq_set_exclusive_handler
 .text.irq_add_shared_handler
                0x10001544      0x218 CMakeFiles/MGController_RP2040.dir/C_/Users/Bayu/.pico-sdk/sdk/2.2.0/src/rp2_common/hardware_irq/irq.c.obj
                0x10001544                irq_add_shared_handler
 .text.irq_add_tail_to_free_list
                0x1000175c       0xf4 CMakeFiles/MGController_RP2040.dir/C_/Users/Bayu/.pico-sdk/sdk/2.2.0/src/rp2_common/hardware_irq/irq.c.obj
                0x1000175c                irq_add_tail_to_free_list
 .text.user_irq_claim_unused
                0x10001850       0x2c CMakeFiles/MGController_RP2040.dir/C_/Users/Bayu/.pico-sdk/sdk/2.2.0/src/rp2_common/hardware_irq/irq.c.obj
                0x10001850                user_irq_claim_unused
 .text.lock_init
                0x1000187c       0x10 CMakeFiles/MGController_RP2040.dir/C_/Users/Bayu/.pico-sdk/sdk/2.2.0/src/common/pico_sync/lock_core.c.obj
                0x1000187c                lock_init
 .text.mutex_init
                0x1000188c       0x1a CMakeFiles/MGController_RP2040.dir/C_/Users/Bayu/.pico-sdk/sdk/2.2.0/src/common/pico_sync/mutex.c.obj
                0x1000188c                mutex_init
 .text.recursive_mutex_init
                0x100018a6       0x1e CMakeFiles/MGController_RP2040.dir/C_/Users/Bayu/.pico-sdk/sdk/2.2.0/src/common/pico_sync/mutex.c.obj
                0x100018a6                recursive_mutex_init
 .text.runtime_init_mutex
                0x100018c4       0x4c CMakeFiles/MGController_RP2040.dir/C_/Users/Bayu/.pico-sdk/sdk/2.2.0/src/common/pico_sync/mutex.c.obj
                0x100018c4                runtime_init_mutex
 .text.critical_section_init_with_lock_num
                0x10001910       0x14 CMakeFiles/MGController_RP2040.dir/C_/Users/Bayu/.pico-sdk/sdk/2.2.0/src/common/pico_sync/critical_section.c.obj
                0x10001910                critical_section_init_with_lock_num
 .text.critical_section_init
                0x10001924       0x14 CMakeFiles/MGController_RP2040.dir/C_/Users/Bayu/.pico-sdk/sdk/2.2.0/src/common/pico_sync/critical_section.c.obj
                0x10001924                critical_section_init
 .text.ta_set_timeout
                0x10001938       0x24 CMakeFiles/MGController_RP2040.dir/C_/Users/Bayu/.pico-sdk/sdk/2.2.0/src/common/pico_time/time.c.obj
 .text.make_alarm_id
                0x1000195c        0x6 CMakeFiles/MGController_RP2040.dir/C_/Users/Bayu/.pico-sdk/sdk/2.2.0/src/common/pico_time/time.c.obj
 *fill*         0x10001962        0x2 
 .text.sleep_until_callback
                0x10001964       0x30 CMakeFiles/MGController_RP2040.dir/C_/Users/Bayu/.pico-sdk/sdk/2.2.0/src/common/pico_time/time.c.obj
 .text.alarm_pool_irq_handler
                0x10001994      0x2f0 CMakeFiles/MGController_RP2040.dir/C_/Users/Bayu/.pico-sdk/sdk/2.2.0/src/common/pico_time/time.c.obj
 .text.ta_enable_irq_handler
                0x10001c84       0x2c CMakeFiles/MGController_RP2040.dir/C_/Users/Bayu/.pico-sdk/sdk/2.2.0/src/common/pico_time/time.c.obj
 .text.alarm_pool_post_alloc_init
                0x10001cb0       0x78 CMakeFiles/MGController_RP2040.dir/C_/Users/Bayu/.pico-sdk/sdk/2.2.0/src/common/pico_time/time.c.obj
 .text.alarm_pool_get_default
                0x10001d28       0x2c CMakeFiles/MGController_RP2040.dir/C_/Users/Bayu/.pico-sdk/sdk/2.2.0/src/common/pico_time/time.c.obj
                0x10001d28                alarm_pool_get_default
 .text.alarm_pool_add_alarm_at_force_in_context
                0x10001d54       0xa4 CMakeFiles/MGController_RP2040.dir/C_/Users/Bayu/.pico-sdk/sdk/2.2.0/src/common/pico_time/time.c.obj
                0x10001d54                alarm_pool_add_alarm_at_force_in_context
 .text.alarm_pool_add_alarm_at
                0x10001df8       0x3c CMakeFiles/MGController_RP2040.dir/C_/Users/Bayu/.pico-sdk/sdk/2.2.0/src/common/pico_time/time.c.obj
                0x10001df8                alarm_pool_add_alarm_at
 .text.add_alarm_at
                0x10001e34       0x2e CMakeFiles/MGController_RP2040.dir/C_/Users/Bayu/.pico-sdk/sdk/2.2.0/src/common/pico_time/time.c.obj
 *fill*         0x10001e62        0x2 
 .text.alarm_pool_cancel_alarm
                0x10001e64       0x78 CMakeFiles/MGController_RP2040.dir/C_/Users/Bayu/.pico-sdk/sdk/2.2.0/src/common/pico_time/time.c.obj
                0x10001e64                alarm_pool_cancel_alarm
 .text.cancel_alarm
                0x10001edc       0x10 CMakeFiles/MGController_RP2040.dir/C_/Users/Bayu/.pico-sdk/sdk/2.2.0/src/common/pico_time/time.c.obj
 .text.alarm_pool_core_num
                0x10001eec        0x4 CMakeFiles/MGController_RP2040.dir/C_/Users/Bayu/.pico-sdk/sdk/2.2.0/src/common/pico_time/time.c.obj
                0x10001eec                alarm_pool_core_num
 .text.sleep_until
                0x10001ef0       0xb0 CMakeFiles/MGController_RP2040.dir/C_/Users/Bayu/.pico-sdk/sdk/2.2.0/src/common/pico_time/time.c.obj
                0x10001ef0                sleep_until
 .text.sleep_us
                0x10001fa0       0x24 CMakeFiles/MGController_RP2040.dir/C_/Users/Bayu/.pico-sdk/sdk/2.2.0/src/common/pico_time/time.c.obj
                0x10001fa0                sleep_us
 .text.sleep_ms
                0x10001fc4       0x14 CMakeFiles/MGController_RP2040.dir/C_/Users/Bayu/.pico-sdk/sdk/2.2.0/src/common/pico_time/time.c.obj
                0x10001fc4                sleep_ms
 .text.best_effort_wfe_or_timeout
                0x10001fd8      0x11c CMakeFiles/MGController_RP2040.dir/C_/Users/Bayu/.pico-sdk/sdk/2.2.0/src/common/pico_time/time.c.obj
                0x10001fd8                best_effort_wfe_or_timeout
 .text.alarm_pool_get_default_timer
                0x100020f4        0x8 CMakeFiles/MGController_RP2040.dir/C_/Users/Bayu/.pico-sdk/sdk/2.2.0/src/common/pico_time/time.c.obj
                0x100020f4                alarm_pool_get_default_timer
 .text.runtime_init_default_alarm_pool
                0x100020fc       0x38 CMakeFiles/MGController_RP2040.dir/C_/Users/Bayu/.pico-sdk/sdk/2.2.0/src/common/pico_time/time.c.obj
                0x100020fc                runtime_init_default_alarm_pool
 .text.timer_hardware_alarm_claim
                0x10002134       0x14 CMakeFiles/MGController_RP2040.dir/C_/Users/Bayu/.pico-sdk/sdk/2.2.0/src/rp2_common/hardware_timer/timer.c.obj
                0x10002134                timer_hardware_alarm_claim
 .text.timer_time_us_64
                0x10002148       0x10 CMakeFiles/MGController_RP2040.dir/C_/Users/Bayu/.pico-sdk/sdk/2.2.0/src/rp2_common/hardware_timer/timer.c.obj
                0x10002148                timer_time_us_64
 .text.timer_busy_wait_until
                0x10002158       0x1a CMakeFiles/MGController_RP2040.dir/C_/Users/Bayu/.pico-sdk/sdk/2.2.0/src/rp2_common/hardware_timer/timer.c.obj
                0x10002158                timer_busy_wait_until
 *fill*         0x10002172        0x2 
 .text.time_us_64
                0x10002174       0x10 CMakeFiles/MGController_RP2040.dir/C_/Users/Bayu/.pico-sdk/sdk/2.2.0/src/rp2_common/hardware_timer/timer.c.obj
                0x10002174                time_us_64
 .text.busy_wait_until
                0x10002184       0x14 CMakeFiles/MGController_RP2040.dir/C_/Users/Bayu/.pico-sdk/sdk/2.2.0/src/rp2_common/hardware_timer/timer.c.obj
                0x10002184                busy_wait_until
 .text.clock_configure_internal
                0x10002198       0xc4 CMakeFiles/MGController_RP2040.dir/C_/Users/Bayu/.pico-sdk/sdk/2.2.0/src/rp2_common/hardware_clocks/clocks.c.obj
 .text.clock_configure_int_divider
                0x1000225c       0x28 CMakeFiles/MGController_RP2040.dir/C_/Users/Bayu/.pico-sdk/sdk/2.2.0/src/rp2_common/hardware_clocks/clocks.c.obj
                0x1000225c                clock_configure_int_divider
 .text.clock_configure_undivided
                0x10002284       0x12 CMakeFiles/MGController_RP2040.dir/C_/Users/Bayu/.pico-sdk/sdk/2.2.0/src/rp2_common/hardware_clocks/clocks.c.obj
                0x10002284                clock_configure_undivided
 *fill*         0x10002296        0x2 
 .text.clock_get_hz
                0x10002298        0xc CMakeFiles/MGController_RP2040.dir/C_/Users/Bayu/.pico-sdk/sdk/2.2.0/src/rp2_common/hardware_clocks/clocks.c.obj
                0x10002298                clock_get_hz
 .text.pll_init
                0x100022a4      0x124 CMakeFiles/MGController_RP2040.dir/C_/Users/Bayu/.pico-sdk/sdk/2.2.0/src/rp2_common/hardware_pll/pll.c.obj
                0x100022a4                pll_init
 .text.watchdog_update
                0x100023c8       0x14 CMakeFiles/MGController_RP2040.dir/C_/Users/Bayu/.pico-sdk/sdk/2.2.0/src/rp2_common/hardware_watchdog/watchdog.c.obj
                0x100023c8                watchdog_update
 .text._watchdog_enable
                0x100023dc       0x78 CMakeFiles/MGController_RP2040.dir/C_/Users/Bayu/.pico-sdk/sdk/2.2.0/src/rp2_common/hardware_watchdog/watchdog.c.obj
                0x100023dc                _watchdog_enable
 .text.watchdog_reboot
                0x10002454       0x48 CMakeFiles/MGController_RP2040.dir/C_/Users/Bayu/.pico-sdk/sdk/2.2.0/src/rp2_common/hardware_watchdog/watchdog.c.obj
                0x10002454                watchdog_reboot
 .text.tick_start
                0x1000249c       0x10 CMakeFiles/MGController_RP2040.dir/C_/Users/Bayu/.pico-sdk/sdk/2.2.0/src/rp2_common/hardware_ticks/ticks.c.obj
                0x1000249c                tick_start
 .text.rom_func_lookup
                0x100024ac       0x10 CMakeFiles/MGController_RP2040.dir/C_/Users/Bayu/.pico-sdk/sdk/2.2.0/src/rp2_common/pico_bootrom/bootrom.c.obj
                0x100024ac                rom_func_lookup
 .text.rom_data_lookup
                0x100024bc       0x10 CMakeFiles/MGController_RP2040.dir/C_/Users/Bayu/.pico-sdk/sdk/2.2.0/src/rp2_common/pico_bootrom/bootrom.c.obj
                0x100024bc                rom_data_lookup
 .text.rom_funcs_lookup
                0x100024cc       0x36 CMakeFiles/MGController_RP2040.dir/C_/Users/Bayu/.pico-sdk/sdk/2.2.0/src/rp2_common/pico_bootrom/bootrom.c.obj
                0x100024cc                rom_funcs_lookup
 *fill*         0x10002502        0x2 
 .text.rom_reset_usb_boot_extra
                0x10002504       0x24 CMakeFiles/MGController_RP2040.dir/C_/Users/Bayu/.pico-sdk/sdk/2.2.0/src/rp2_common/pico_bootrom/bootrom.c.obj
                0x10002504                rom_reset_usb_boot_extra
 .text.xosc_init
                0x10002528       0x2c CMakeFiles/MGController_RP2040.dir/C_/Users/Bayu/.pico-sdk/sdk/2.2.0/src/rp2_common/hardware_xosc/xosc.c.obj
                0x10002528                xosc_init
 .text.runtime_run_initializers_from
                0x10002554       0x18 CMakeFiles/MGController_RP2040.dir/C_/Users/Bayu/.pico-sdk/sdk/2.2.0/src/rp2_common/pico_runtime/runtime.c.obj
 .text.first_per_core_initializer
                0x1000256c        0x2 CMakeFiles/MGController_RP2040.dir/C_/Users/Bayu/.pico-sdk/sdk/2.2.0/src/rp2_common/pico_runtime/runtime.c.obj
 *fill*         0x1000256e        0x2 
 .text.runtime_run_initializers
                0x10002570       0x10 CMakeFiles/MGController_RP2040.dir/C_/Users/Bayu/.pico-sdk/sdk/2.2.0/src/rp2_common/pico_runtime/runtime.c.obj
                0x10002570                runtime_run_initializers
 .text.runtime_init_early_resets
                0x10002580       0x2c CMakeFiles/MGController_RP2040.dir/C_/Users/Bayu/.pico-sdk/sdk/2.2.0/src/rp2_common/pico_runtime_init/runtime_init.c.obj
                0x10002580                runtime_init_early_resets
 .text.runtime_init_usb_power_down
                0x100025ac       0x1c CMakeFiles/MGController_RP2040.dir/C_/Users/Bayu/.pico-sdk/sdk/2.2.0/src/rp2_common/pico_runtime_init/runtime_init.c.obj
                0x100025ac                runtime_init_usb_power_down
 .text.runtime_init_post_clock_resets
                0x100025c8       0x20 CMakeFiles/MGController_RP2040.dir/C_/Users/Bayu/.pico-sdk/sdk/2.2.0/src/rp2_common/pico_runtime_init/runtime_init.c.obj
                0x100025c8                runtime_init_post_clock_resets
 .text.runtime_init_rp2040_gpio_ie_disable
                0x100025e8       0x14 CMakeFiles/MGController_RP2040.dir/C_/Users/Bayu/.pico-sdk/sdk/2.2.0/src/rp2_common/pico_runtime_init/runtime_init.c.obj
                0x100025e8                runtime_init_rp2040_gpio_ie_disable
 .text.runtime_init_spin_locks_reset
                0x100025fc        0x8 CMakeFiles/MGController_RP2040.dir/C_/Users/Bayu/.pico-sdk/sdk/2.2.0/src/rp2_common/pico_runtime_init/runtime_init.c.obj
                0x100025fc                runtime_init_spin_locks_reset
 .text.runtime_init_install_ram_vector_table
                0x10002604       0x48 CMakeFiles/MGController_RP2040.dir/C_/Users/Bayu/.pico-sdk/sdk/2.2.0/src/rp2_common/pico_runtime_init/runtime_init.c.obj
                0x10002604                runtime_init_install_ram_vector_table
 .text.start_all_ticks
                0x1000264c       0x28 CMakeFiles/MGController_RP2040.dir/C_/Users/Bayu/.pico-sdk/sdk/2.2.0/src/rp2_common/pico_runtime_init/runtime_init_clocks.c.obj
 .text.runtime_init_clocks
                0x10002674       0xcc CMakeFiles/MGController_RP2040.dir/C_/Users/Bayu/.pico-sdk/sdk/2.2.0/src/rp2_common/pico_runtime_init/runtime_init_clocks.c.obj
                0x10002674                runtime_init_clocks
 .text          0x10002740       0x10 CMakeFiles/MGController_RP2040.dir/C_/Users/Bayu/.pico-sdk/sdk/2.2.0/src/rp2_common/pico_bit_ops/bit_ops_aeabi.S.obj
 .text.__wrap___aeabi_idiv
                0x10002750       0x50 CMakeFiles/MGController_RP2040.dir/C_/Users/Bayu/.pico-sdk/sdk/2.2.0/src/rp2_common/pico_divider/divider_hardware.S.obj
                0x10002750                __wrap___aeabi_idivmod
                0x10002750                divmod_s32s32
                0x10002750                div_s32s32
                0x10002750                __wrap___aeabi_idiv
                0x10002758                divmod_s32s32_unsafe
                0x10002784                divmod_s32s32_savestate
 .text.__wrap___aeabi_uidiv
                0x100027a0       0x4c CMakeFiles/MGController_RP2040.dir/C_/Users/Bayu/.pico-sdk/sdk/2.2.0/src/rp2_common/pico_divider/divider_hardware.S.obj
                0x100027a0                __wrap___aeabi_uidiv
                0x100027a0                __wrap___aeabi_uidivmod
                0x100027a0                div_u32u32
                0x100027a0                divmod_u32u32
                0x100027a8                divmod_u32u32_unsafe
                0x100027d0                divmod_u32u32_savestate
 .text.__wrap___aeabi_ldiv
                0x100027ec      0x424 CMakeFiles/MGController_RP2040.dir/C_/Users/Bayu/.pico-sdk/sdk/2.2.0/src/rp2_common/pico_divider/divider_hardware.S.obj
                0x100027ec                div_s64s64
                0x100027ec                divmod_s64s64
                0x100027ec                __wrap___aeabi_ldivmod
                0x1000281c                divmod_u64u64
                0x1000281c                div_u64u64
                0x1000281c                __wrap___aeabi_uldivmod
                0x1000282c                divmod_u64u64_savestate
                0x1000284c                divmod_s64s64_unsafe
                0x100028d4                divmod_u64u64_unsafe
 .text.__wrap___aeabi_darithmetic
                0x10002c10       0x80 CMakeFiles/MGController_RP2040.dir/C_/Users/Bayu/.pico-sdk/sdk/2.2.0/src/rp2_common/pico_double/double_aeabi_rp2040.S.obj
                0x10002c10                __wrap___aeabi_drsub
                0x10002c16                __wrap___aeabi_dsub
                0x10002c28                __wrap___aeabi_dadd
                0x10002c3a                __wrap___aeabi_ddiv
                0x10002c76                __wrap___aeabi_dmul
 .text.__wrap___aeabi_cdcmple
                0x10002c90       0x6c CMakeFiles/MGController_RP2040.dir/C_/Users/Bayu/.pico-sdk/sdk/2.2.0/src/rp2_common/pico_double/double_aeabi_rp2040.S.obj
                0x10002c90                __wrap___aeabi_cdrcmple
                0x10002ca0                __wrap___aeabi_cdcmpeq
                0x10002ca0                __wrap___aeabi_cdcmple
 .text.__wrap___aeabi_dcmplt
                0x10002cfc        0xc CMakeFiles/MGController_RP2040.dir/C_/Users/Bayu/.pico-sdk/sdk/2.2.0/src/rp2_common/pico_double/double_aeabi_rp2040.S.obj
                0x10002cfc                __wrap___aeabi_dcmplt
 .text.__wrap___aeabi_dcmple
                0x10002d08       0x10 CMakeFiles/MGController_RP2040.dir/C_/Users/Bayu/.pico-sdk/sdk/2.2.0/src/rp2_common/pico_double/double_aeabi_rp2040.S.obj
                0x10002d08                __wrap___aeabi_dcmple
 .text.__wrap___aeabi_dcmpge
                0x10002d18       0x10 CMakeFiles/MGController_RP2040.dir/C_/Users/Bayu/.pico-sdk/sdk/2.2.0/src/rp2_common/pico_double/double_aeabi_rp2040.S.obj
                0x10002d18                __wrap___aeabi_dcmpge
 .text.__wrap___aeabi_dcmpgt
                0x10002d28        0xa CMakeFiles/MGController_RP2040.dir/C_/Users/Bayu/.pico-sdk/sdk/2.2.0/src/rp2_common/pico_double/double_aeabi_rp2040.S.obj
                0x10002d28                __wrap___aeabi_dcmpgt
 .text.__wrap___aeabi_dcmpun
                0x10002d32       0x18 CMakeFiles/MGController_RP2040.dir/C_/Users/Bayu/.pico-sdk/sdk/2.2.0/src/rp2_common/pico_double/double_aeabi_rp2040.S.obj
                0x10002d32                __wrap___aeabi_dcmpun
 *fill*         0x10002d4a        0x2 
 .text.__wrap___aeabi_i2d
                0x10002d4c       0x38 CMakeFiles/MGController_RP2040.dir/C_/Users/Bayu/.pico-sdk/sdk/2.2.0/src/rp2_common/pico_double/double_aeabi_rp2040.S.obj
                0x10002d4c                uint2double
                0x10002d4c                __wrap___aeabi_ui2d
                0x10002d54                int2double
                0x10002d54                __wrap___aeabi_i2d
 .text.__wrap___aeabi_d2iz
                0x10002d84       0x48 CMakeFiles/MGController_RP2040.dir/C_/Users/Bayu/.pico-sdk/sdk/2.2.0/src/rp2_common/pico_double/double_aeabi_rp2040.S.obj
                0x10002d84                double2int_z
                0x10002d84                __wrap___aeabi_d2iz
 .text.__wrap___aeabi_d2uiz
                0x10002dcc       0x18 CMakeFiles/MGController_RP2040.dir/C_/Users/Bayu/.pico-sdk/sdk/2.2.0/src/rp2_common/pico_double/double_aeabi_rp2040.S.obj
                0x10002dcc                double2uint
                0x10002dcc                __wrap___aeabi_d2uiz
                0x10002dcc                double2uint_z
 .text.__aeabi_double_init
                0x10002de4       0xcc CMakeFiles/MGController_RP2040.dir/C_/Users/Bayu/.pico-sdk/sdk/2.2.0/src/rp2_common/pico_double/double_init_rom_rp2040.c.obj
                0x10002de4                __aeabi_double_init
 .text.double_table_shim_on_use_helper
                0x10002eb0       0x34 CMakeFiles/MGController_RP2040.dir/C_/Users/Bayu/.pico-sdk/sdk/2.2.0/src/rp2_common/pico_double/double_v1_rom_shim_rp2040.S.obj
                0x10002eb0                double_table_shim_on_use_helper
 .text.__wrap___aeabi_dsub
                0x10002ee4       0x10 CMakeFiles/MGController_RP2040.dir/C_/Users/Bayu/.pico-sdk/sdk/2.2.0/src/rp2_common/pico_double/double_v1_rom_shim_rp2040.S.obj
                0x10002ee4                drsub_shim
                0x10002eea                dsub_shim
 .text.dadd_shim
                0x10002ef4      0x15c CMakeFiles/MGController_RP2040.dir/C_/Users/Bayu/.pico-sdk/sdk/2.2.0/src/rp2_common/pico_double/double_v1_rom_shim_rp2040.S.obj
                0x10002ef4                dadd_shim
 .text.dmul_shim
                0x10003050      0x15c CMakeFiles/MGController_RP2040.dir/C_/Users/Bayu/.pico-sdk/sdk/2.2.0/src/rp2_common/pico_double/double_v1_rom_shim_rp2040.S.obj
                0x10003050                dmul_shim
 .text.ddiv_shim
                0x100031ac      0x1b0 CMakeFiles/MGController_RP2040.dir/C_/Users/Bayu/.pico-sdk/sdk/2.2.0/src/rp2_common/pico_double/double_v1_rom_shim_rp2040.S.obj
                0x100031ac                ddiv_shim
 .text.double2uint_shim
                0x1000335c        0xe CMakeFiles/MGController_RP2040.dir/C_/Users/Bayu/.pico-sdk/sdk/2.2.0/src/rp2_common/pico_double/double_v1_rom_shim_rp2040.S.obj
                0x1000335c                double2uint_shim
                0x1000335e                double2ufix_shim
 *fill*         0x1000336a        0x2 
 .text.double2uint64_shim
                0x1000336c       0x70 CMakeFiles/MGController_RP2040.dir/C_/Users/Bayu/.pico-sdk/sdk/2.2.0/src/rp2_common/pico_double/double_v1_rom_shim_rp2040.S.obj
                0x1000336c                double2uint64_shim
                0x1000336e                double2ufix64_shim
                0x1000338e                d2fix_a
 .text.dunpacks
                0x100033dc       0x3c CMakeFiles/MGController_RP2040.dir/C_/Users/Bayu/.pico-sdk/sdk/2.2.0/src/rp2_common/pico_double/double_v1_rom_shim_rp2040.S.obj
                0x100033dc                dunpacks
 .text.__aeabi_lmul
                0x10003418       0x32 CMakeFiles/MGController_RP2040.dir/C_/Users/Bayu/.pico-sdk/sdk/2.2.0/src/rp2_common/pico_int64_ops/pico_int64_ops_aeabi.S.obj
                0x10003418                __wrap___aeabi_lmul
 *fill*         0x1000344a        0x2 
 .text.__wrap___aeabi_farithmetic
                0x1000344c       0x58 CMakeFiles/MGController_RP2040.dir/C_/Users/Bayu/.pico-sdk/sdk/2.2.0/src/rp2_common/pico_float/float_aeabi_rp2040.S.obj
                0x1000344c                __wrap___aeabi_frsub
                0x10003452                __wrap___aeabi_fsub
                0x1000345c                __wrap___aeabi_fadd
                0x10003466                __wrap___aeabi_fdiv
                0x10003492                __wrap___aeabi_fmul
 .text.__wrap___aeabi_cfcmple
                0x100034a4       0x50 CMakeFiles/MGController_RP2040.dir/C_/Users/Bayu/.pico-sdk/sdk/2.2.0/src/rp2_common/pico_float/float_aeabi_rp2040.S.obj
                0x100034a4                __wrap___aeabi_cfrcmple
                0x100034b0                __wrap___aeabi_cfcmple
                0x100034b0                __wrap___aeabi_cfcmpeq
 .text.__wrap___aeabi_fcmplt
                0x100034f4        0xc CMakeFiles/MGController_RP2040.dir/C_/Users/Bayu/.pico-sdk/sdk/2.2.0/src/rp2_common/pico_float/float_aeabi_rp2040.S.obj
                0x100034f4                __wrap___aeabi_fcmplt
 .text.__wrap___aeabi_fcmpgt
                0x10003500        0xa CMakeFiles/MGController_RP2040.dir/C_/Users/Bayu/.pico-sdk/sdk/2.2.0/src/rp2_common/pico_float/float_aeabi_rp2040.S.obj
                0x10003500                __wrap___aeabi_fcmpgt
 .text.__wrap___aeabi_ui2f
                0x1000350a        0xa CMakeFiles/MGController_RP2040.dir/C_/Users/Bayu/.pico-sdk/sdk/2.2.0/src/rp2_common/pico_float/float_aeabi_rp2040.S.obj
                0x1000350a                __wrap___aeabi_ui2f
                0x1000350a                uint2float
 .text.__wrap___aeabi_i2f
                0x10003514       0x44 CMakeFiles/MGController_RP2040.dir/C_/Users/Bayu/.pico-sdk/sdk/2.2.0/src/rp2_common/pico_float/float_aeabi_rp2040.S.obj
                0x10003514                __wrap___aeabi_i2f
                0x10003514                int2float
 .text.__wrap___aeabi_f2uiz
                0x10003558       0x10 CMakeFiles/MGController_RP2040.dir/C_/Users/Bayu/.pico-sdk/sdk/2.2.0/src/rp2_common/pico_float/float_aeabi_rp2040.S.obj
                0x10003558                float2uint_z
                0x10003558                __wrap___aeabi_f2uiz
                0x10003558                float2uint
 .text.__wrap___aeabi_f2d
                0x10003568       0x14 CMakeFiles/MGController_RP2040.dir/C_/Users/Bayu/.pico-sdk/sdk/2.2.0/src/rp2_common/pico_float/float_aeabi_rp2040.S.obj
                0x10003568                __wrap___aeabi_f2d
 .text.__aeabi_float_init
                0x1000357c       0xfc CMakeFiles/MGController_RP2040.dir/C_/Users/Bayu/.pico-sdk/sdk/2.2.0/src/rp2_common/pico_float/float_init_rom_rp2040.c.obj
                0x1000357c                __aeabi_float_init
 .text.float_table_shim_on_use_helper
                0x10003678       0x34 CMakeFiles/MGController_RP2040.dir/C_/Users/Bayu/.pico-sdk/sdk/2.2.0/src/rp2_common/pico_float/float_v1_rom_shim_rp2040.S.obj
                0x10003678                float_table_shim_on_use_helper
 .text.float2double_shim
                0x100036ac       0x30 CMakeFiles/MGController_RP2040.dir/C_/Users/Bayu/.pico-sdk/sdk/2.2.0/src/rp2_common/pico_float/float_v1_rom_shim_rp2040.S.obj
                0x100036ac                float2double_shim
 .text          0x100036dc       0x10 CMakeFiles/MGController_RP2040.dir/C_/Users/Bayu/.pico-sdk/sdk/2.2.0/src/rp2_common/pico_mem_ops/mem_ops_aeabi.S.obj
                0x100036dc                __aeabi_mem_init
 .text.memset   0x100036ec        0xc CMakeFiles/MGController_RP2040.dir/C_/Users/Bayu/.pico-sdk/sdk/2.2.0/src/rp2_common/pico_mem_ops/mem_ops_aeabi.S.obj
                0x100036ec                __wrap_memset
 .text.memcpy   0x100036f8        0xc CMakeFiles/MGController_RP2040.dir/C_/Users/Bayu/.pico-sdk/sdk/2.2.0/src/rp2_common/pico_mem_ops/mem_ops_aeabi.S.obj
                0x100036f8                __wrap_memcpy
                0x100036f8                __wrap___aeabi_memcpy
 .text._out_buffer
                0x10003704        0x8 CMakeFiles/MGController_RP2040.dir/C_/Users/Bayu/.pico-sdk/sdk/2.2.0/src/rp2_common/pico_printf/printf.c.obj
 .text._out_null
                0x1000370c        0x2 CMakeFiles/MGController_RP2040.dir/C_/Users/Bayu/.pico-sdk/sdk/2.2.0/src/rp2_common/pico_printf/printf.c.obj
 .text._out_fct
                0x1000370e        0xe CMakeFiles/MGController_RP2040.dir/C_/Users/Bayu/.pico-sdk/sdk/2.2.0/src/rp2_common/pico_printf/printf.c.obj
 .text._atoi    0x1000371c       0x24 CMakeFiles/MGController_RP2040.dir/C_/Users/Bayu/.pico-sdk/sdk/2.2.0/src/rp2_common/pico_printf/printf.c.obj
 .text._out_rev
                0x10003740       0xb0 CMakeFiles/MGController_RP2040.dir/C_/Users/Bayu/.pico-sdk/sdk/2.2.0/src/rp2_common/pico_printf/printf.c.obj
 .text._ntoa_format
                0x100037f0      0x10e CMakeFiles/MGController_RP2040.dir/C_/Users/Bayu/.pico-sdk/sdk/2.2.0/src/rp2_common/pico_printf/printf.c.obj
 .text._ntoa_long
                0x100038fe       0xbc CMakeFiles/MGController_RP2040.dir/C_/Users/Bayu/.pico-sdk/sdk/2.2.0/src/rp2_common/pico_printf/printf.c.obj
 .text._ntoa_long_long
                0x100039ba      0x10e CMakeFiles/MGController_RP2040.dir/C_/Users/Bayu/.pico-sdk/sdk/2.2.0/src/rp2_common/pico_printf/printf.c.obj
 .text._etoa    0x10003ac8      0x424 CMakeFiles/MGController_RP2040.dir/C_/Users/Bayu/.pico-sdk/sdk/2.2.0/src/rp2_common/pico_printf/printf.c.obj
 .text._ftoa    0x10003eec      0x348 CMakeFiles/MGController_RP2040.dir/C_/Users/Bayu/.pico-sdk/sdk/2.2.0/src/rp2_common/pico_printf/printf.c.obj
 .text._vsnprintf
                0x10004234      0x6a4 CMakeFiles/MGController_RP2040.dir/C_/Users/Bayu/.pico-sdk/sdk/2.2.0/src/rp2_common/pico_printf/printf.c.obj
 .text.__wrap_sprintf
                0x100048d8       0x2c CMakeFiles/MGController_RP2040.dir/C_/Users/Bayu/.pico-sdk/sdk/2.2.0/src/rp2_common/pico_printf/printf.c.obj
                0x100048d8                __wrap_sprintf
 .text.vfctprintf
                0x10004904       0x24 CMakeFiles/MGController_RP2040.dir/C_/Users/Bayu/.pico-sdk/sdk/2.2.0/src/rp2_common/pico_printf/printf.c.obj
                0x10004904                vfctprintf
 .text._exit    0x10004928        0x4 CMakeFiles/MGController_RP2040.dir/C_/Users/Bayu/.pico-sdk/sdk/2.2.0/src/rp2_common/pico_clib_interface/newlib_interface.c.obj
                0x10004928                _exit
 .text.exit     0x1000492c        0x6 CMakeFiles/MGController_RP2040.dir/C_/Users/Bayu/.pico-sdk/sdk/2.2.0/src/rp2_common/pico_clib_interface/newlib_interface.c.obj
                0x1000492c                exit
 *fill*         0x10004932        0x2 
 .text.__assert_func
                0x10004934       0x38 CMakeFiles/MGController_RP2040.dir/C_/Users/Bayu/.pico-sdk/sdk/2.2.0/src/rp2_common/pico_clib_interface/newlib_interface.c.obj
                0x10004934                __assert_func
 .text.runtime_init
                0x1000496c       0x28 CMakeFiles/MGController_RP2040.dir/C_/Users/Bayu/.pico-sdk/sdk/2.2.0/src/rp2_common/pico_clib_interface/newlib_interface.c.obj
                0x1000496c                runtime_init
 .text.stdio_out_chars_no_crlf
                0x10004994        0xe CMakeFiles/MGController_RP2040.dir/C_/Users/Bayu/.pico-sdk/sdk/2.2.0/src/rp2_common/pico_stdio/stdio.c.obj
 *fill*         0x100049a2        0x2 
 .text.stdio_out_chars_crlf
                0x100049a4       0x80 CMakeFiles/MGController_RP2040.dir/C_/Users/Bayu/.pico-sdk/sdk/2.2.0/src/rp2_common/pico_stdio/stdio.c.obj
 .text.stdio_stack_buffer_flush
                0x10004a24       0x44 CMakeFiles/MGController_RP2040.dir/C_/Users/Bayu/.pico-sdk/sdk/2.2.0/src/rp2_common/pico_stdio/stdio.c.obj
 .text.stdio_buffered_printer
                0x10004a68       0x20 CMakeFiles/MGController_RP2040.dir/C_/Users/Bayu/.pico-sdk/sdk/2.2.0/src/rp2_common/pico_stdio/stdio.c.obj
 .text.stdout_serialize_begin
                0x10004a88       0x30 CMakeFiles/MGController_RP2040.dir/C_/Users/Bayu/.pico-sdk/sdk/2.2.0/src/rp2_common/pico_stdio/stdio.c.obj
                0x10004a88                stdout_serialize_begin
 .text.stdout_serialize_end
                0x10004ab8       0x10 CMakeFiles/MGController_RP2040.dir/C_/Users/Bayu/.pico-sdk/sdk/2.2.0/src/rp2_common/pico_stdio/stdio.c.obj
                0x10004ab8                stdout_serialize_end
 .text.stdio_put_string
                0x10004ac8       0x94 CMakeFiles/MGController_RP2040.dir/C_/Users/Bayu/.pico-sdk/sdk/2.2.0/src/rp2_common/pico_stdio/stdio.c.obj
                0x10004ac8                stdio_put_string
 .text.stdio_set_driver_enabled
                0x10004b5c       0x30 CMakeFiles/MGController_RP2040.dir/C_/Users/Bayu/.pico-sdk/sdk/2.2.0/src/rp2_common/pico_stdio/stdio.c.obj
                0x10004b5c                stdio_set_driver_enabled
 .text.stdio_flush
                0x10004b8c       0x20 CMakeFiles/MGController_RP2040.dir/C_/Users/Bayu/.pico-sdk/sdk/2.2.0/src/rp2_common/pico_stdio/stdio.c.obj
                0x10004b8c                stdio_flush
 .text.stdio_init_all
                0x10004bac        0x8 CMakeFiles/MGController_RP2040.dir/C_/Users/Bayu/.pico-sdk/sdk/2.2.0/src/rp2_common/pico_stdio/stdio.c.obj
                0x10004bac                stdio_init_all
 .text.__wrap_puts
                0x10004bb4       0x1e CMakeFiles/MGController_RP2040.dir/C_/Users/Bayu/.pico-sdk/sdk/2.2.0/src/rp2_common/pico_stdio/stdio.c.obj
                0x10004bb4                stdio_puts
                0x10004bb4                __wrap_puts
 *fill*         0x10004bd2        0x2 
 .text.__wrap_vprintf
                0x10004bd4       0x40 CMakeFiles/MGController_RP2040.dir/C_/Users/Bayu/.pico-sdk/sdk/2.2.0/src/rp2_common/pico_stdio/stdio.c.obj
                0x10004bd4                stdio_vprintf
                0x10004bd4                __wrap_vprintf
 .text.__wrap_printf
                0x10004c14       0x18 CMakeFiles/MGController_RP2040.dir/C_/Users/Bayu/.pico-sdk/sdk/2.2.0/src/rp2_common/pico_stdio/stdio.c.obj
                0x10004c14                __wrap_printf
                0x10004c14                stdio_printf
 .text.resetd_init
                0x10004c2c        0x2 CMakeFiles/MGController_RP2040.dir/C_/Users/Bayu/.pico-sdk/sdk/2.2.0/src/rp2_common/pico_stdio_usb/reset_interface.c.obj
 *fill*         0x10004c2e        0x2 
 .text.resetd_reset
                0x10004c30        0xc CMakeFiles/MGController_RP2040.dir/C_/Users/Bayu/.pico-sdk/sdk/2.2.0/src/rp2_common/pico_stdio_usb/reset_interface.c.obj
 .text.resetd_open
                0x10004c3c       0x34 CMakeFiles/MGController_RP2040.dir/C_/Users/Bayu/.pico-sdk/sdk/2.2.0/src/rp2_common/pico_stdio_usb/reset_interface.c.obj
 .text.resetd_xfer_cb
                0x10004c70        0x4 CMakeFiles/MGController_RP2040.dir/C_/Users/Bayu/.pico-sdk/sdk/2.2.0/src/rp2_common/pico_stdio_usb/reset_interface.c.obj
 .text.resetd_control_xfer_cb
                0x10004c74       0x60 CMakeFiles/MGController_RP2040.dir/C_/Users/Bayu/.pico-sdk/sdk/2.2.0/src/rp2_common/pico_stdio_usb/reset_interface.c.obj
 .text.tud_descriptor_bos_cb
                0x10004cd4        0x8 CMakeFiles/MGController_RP2040.dir/C_/Users/Bayu/.pico-sdk/sdk/2.2.0/src/rp2_common/pico_stdio_usb/reset_interface.c.obj
                0x10004cd4                tud_descriptor_bos_cb
 .text.tud_vendor_control_xfer_cb
                0x10004cdc       0x38 CMakeFiles/MGController_RP2040.dir/C_/Users/Bayu/.pico-sdk/sdk/2.2.0/src/rp2_common/pico_stdio_usb/reset_interface.c.obj
                0x10004cdc                tud_vendor_control_xfer_cb
 .text.usbd_app_driver_get_cb
                0x10004d14        0xc CMakeFiles/MGController_RP2040.dir/C_/Users/Bayu/.pico-sdk/sdk/2.2.0/src/rp2_common/pico_stdio_usb/reset_interface.c.obj
                0x10004d14                usbd_app_driver_get_cb
 .text.tud_cdc_line_coding_cb
                0x10004d20       0x2c CMakeFiles/MGController_RP2040.dir/C_/Users/Bayu/.pico-sdk/sdk/2.2.0/src/rp2_common/pico_stdio_usb/reset_interface.c.obj
                0x10004d20                tud_cdc_line_coding_cb
 .text.stdio_usb_set_chars_available_callback
                0x10004d4c       0x14 CMakeFiles/MGController_RP2040.dir/C_/Users/Bayu/.pico-sdk/sdk/2.2.0/src/rp2_common/pico_stdio_usb/stdio_usb.c.obj
                0x10004d4c                stdio_usb_set_chars_available_callback
 .text.stdio_usb_out_flush
                0x10004d60       0x4c CMakeFiles/MGController_RP2040.dir/C_/Users/Bayu/.pico-sdk/sdk/2.2.0/src/rp2_common/pico_stdio_usb/stdio_usb.c.obj
 .text.usb_irq  0x10004dac       0x10 CMakeFiles/MGController_RP2040.dir/C_/Users/Bayu/.pico-sdk/sdk/2.2.0/src/rp2_common/pico_stdio_usb/stdio_usb.c.obj
 .text.timer_task
                0x10004dbc       0x6c CMakeFiles/MGController_RP2040.dir/C_/Users/Bayu/.pico-sdk/sdk/2.2.0/src/rp2_common/pico_stdio_usb/stdio_usb.c.obj
 .text.alarm_pool_add_alarm_in_us
                0x10004e28       0x40 CMakeFiles/MGController_RP2040.dir/C_/Users/Bayu/.pico-sdk/sdk/2.2.0/src/rp2_common/pico_stdio_usb/stdio_usb.c.obj
 .text.add_alarm_in_us
                0x10004e68       0x2e CMakeFiles/MGController_RP2040.dir/C_/Users/Bayu/.pico-sdk/sdk/2.2.0/src/rp2_common/pico_stdio_usb/stdio_usb.c.obj
 *fill*         0x10004e96        0x2 
 .text.low_priority_worker_irq
                0x10004e98       0xa8 CMakeFiles/MGController_RP2040.dir/C_/Users/Bayu/.pico-sdk/sdk/2.2.0/src/rp2_common/pico_stdio_usb/stdio_usb.c.obj
 .text.stdio_usb_init
                0x10004f40       0xe0 CMakeFiles/MGController_RP2040.dir/C_/Users/Bayu/.pico-sdk/sdk/2.2.0/src/rp2_common/pico_stdio_usb/stdio_usb.c.obj
                0x10004f40                stdio_usb_init
 .text.stdio_usb_connected
                0x10005020        0xa CMakeFiles/MGController_RP2040.dir/C_/Users/Bayu/.pico-sdk/sdk/2.2.0/src/rp2_common/pico_stdio_usb/stdio_usb.c.obj
                0x10005020                stdio_usb_connected
 *fill*         0x1000502a        0x2 
 .text.stdio_usb_in_chars
                0x1000502c       0x98 CMakeFiles/MGController_RP2040.dir/C_/Users/Bayu/.pico-sdk/sdk/2.2.0/src/rp2_common/pico_stdio_usb/stdio_usb.c.obj
                0x1000502c                stdio_usb_in_chars
 .text.stdio_usb_out_chars
                0x100050c4       0xe8 CMakeFiles/MGController_RP2040.dir/C_/Users/Bayu/.pico-sdk/sdk/2.2.0/src/rp2_common/pico_stdio_usb/stdio_usb.c.obj
 .text.tud_descriptor_device_cb
                0x100051ac        0x8 CMakeFiles/MGController_RP2040.dir/C_/Users/Bayu/.pico-sdk/sdk/2.2.0/src/rp2_common/pico_stdio_usb/stdio_usb_descriptors.c.obj
                0x100051ac                tud_descriptor_device_cb
 .text.tud_descriptor_configuration_cb
                0x100051b4        0x8 CMakeFiles/MGController_RP2040.dir/C_/Users/Bayu/.pico-sdk/sdk/2.2.0/src/rp2_common/pico_stdio_usb/stdio_usb_descriptors.c.obj
                0x100051b4                tud_descriptor_configuration_cb
 .text.tud_descriptor_string_cb
                0x100051bc       0x6c CMakeFiles/MGController_RP2040.dir/C_/Users/Bayu/.pico-sdk/sdk/2.2.0/src/rp2_common/pico_stdio_usb/stdio_usb_descriptors.c.obj
                0x100051bc                tud_descriptor_string_cb
 .text._retrieve_unique_id_on_boot
                0x10005228       0x10 CMakeFiles/MGController_RP2040.dir/C_/Users/Bayu/.pico-sdk/sdk/2.2.0/src/rp2_common/pico_unique_id/unique_id.c.obj
 .text.pico_get_unique_board_id_string
                0x10005238       0x58 CMakeFiles/MGController_RP2040.dir/C_/Users/Bayu/.pico-sdk/sdk/2.2.0/src/rp2_common/pico_unique_id/unique_id.c.obj
                0x10005238                pico_get_unique_board_id_string
 .text.flash_get_unique_id
                0x10005290       0x40 CMakeFiles/MGController_RP2040.dir/C_/Users/Bayu/.pico-sdk/sdk/2.2.0/src/rp2_common/hardware_flash/flash.c.obj
                0x10005290                flash_get_unique_id
 .text.hw_endpoint_init
                0x100052d0       0xc0 CMakeFiles/MGController_RP2040.dir/C_/Users/Bayu/.pico-sdk/sdk/2.2.0/lib/tinyusb/src/portable/raspberrypi/rp2040/dcd_rp2040.c.obj
 .text.hw_endpoint_alloc
                0x10005390       0x48 CMakeFiles/MGController_RP2040.dir/C_/Users/Bayu/.pico-sdk/sdk/2.2.0/lib/tinyusb/src/portable/raspberrypi/rp2040/dcd_rp2040.c.obj
 .text.hw_endpoint_open
                0x100053d8       0x50 CMakeFiles/MGController_RP2040.dir/C_/Users/Bayu/.pico-sdk/sdk/2.2.0/lib/tinyusb/src/portable/raspberrypi/rp2040/dcd_rp2040.c.obj
 .text.hw_endpoint_xfer
                0x10005428       0x20 CMakeFiles/MGController_RP2040.dir/C_/Users/Bayu/.pico-sdk/sdk/2.2.0/lib/tinyusb/src/portable/raspberrypi/rp2040/dcd_rp2040.c.obj
 .text.dcd_int_enable
                0x10005448       0x2c CMakeFiles/MGController_RP2040.dir/C_/Users/Bayu/.pico-sdk/sdk/2.2.0/lib/tinyusb/src/portable/raspberrypi/rp2040/dcd_rp2040.c.obj
                0x10005448                dcd_int_enable
 .text.dcd_set_address
                0x10005474       0x2c CMakeFiles/MGController_RP2040.dir/C_/Users/Bayu/.pico-sdk/sdk/2.2.0/lib/tinyusb/src/portable/raspberrypi/rp2040/dcd_rp2040.c.obj
                0x10005474                dcd_set_address
 .text.dcd_connect
                0x100054a0       0x10 CMakeFiles/MGController_RP2040.dir/C_/Users/Bayu/.pico-sdk/sdk/2.2.0/lib/tinyusb/src/portable/raspberrypi/rp2040/dcd_rp2040.c.obj
                0x100054a0                dcd_connect
 .text.dcd_init
                0x100054b0       0x80 CMakeFiles/MGController_RP2040.dir/C_/Users/Bayu/.pico-sdk/sdk/2.2.0/lib/tinyusb/src/portable/raspberrypi/rp2040/dcd_rp2040.c.obj
                0x100054b0                dcd_init
 .text.dcd_sof_enable
                0x10005530       0x1c CMakeFiles/MGController_RP2040.dir/C_/Users/Bayu/.pico-sdk/sdk/2.2.0/lib/tinyusb/src/portable/raspberrypi/rp2040/dcd_rp2040.c.obj
                0x10005530                dcd_sof_enable
 .text.dcd_edpt0_status_complete
                0x1000554c       0x1c CMakeFiles/MGController_RP2040.dir/C_/Users/Bayu/.pico-sdk/sdk/2.2.0/lib/tinyusb/src/portable/raspberrypi/rp2040/dcd_rp2040.c.obj
                0x1000554c                dcd_edpt0_status_complete
 .text.dcd_edpt_open
                0x10005568       0x26 CMakeFiles/MGController_RP2040.dir/C_/Users/Bayu/.pico-sdk/sdk/2.2.0/lib/tinyusb/src/portable/raspberrypi/rp2040/dcd_rp2040.c.obj
                0x10005568                dcd_edpt_open
 .text.dcd_edpt_close_all
                0x1000558e        0x8 CMakeFiles/MGController_RP2040.dir/C_/Users/Bayu/.pico-sdk/sdk/2.2.0/lib/tinyusb/src/portable/raspberrypi/rp2040/dcd_rp2040.c.obj
                0x1000558e                dcd_edpt_close_all
 *fill*         0x10005596        0x2 
 .text.dcd_edpt_xfer
                0x10005598       0x30 CMakeFiles/MGController_RP2040.dir/C_/Users/Bayu/.pico-sdk/sdk/2.2.0/lib/tinyusb/src/portable/raspberrypi/rp2040/dcd_rp2040.c.obj
                0x10005598                dcd_edpt_xfer
 .text.dcd_edpt_stall
                0x100055c8       0x3c CMakeFiles/MGController_RP2040.dir/C_/Users/Bayu/.pico-sdk/sdk/2.2.0/lib/tinyusb/src/portable/raspberrypi/rp2040/dcd_rp2040.c.obj
                0x100055c8                dcd_edpt_stall
 .text.dcd_edpt_clear_stall
                0x10005604       0x30 CMakeFiles/MGController_RP2040.dir/C_/Users/Bayu/.pico-sdk/sdk/2.2.0/lib/tinyusb/src/portable/raspberrypi/rp2040/dcd_rp2040.c.obj
                0x10005604                dcd_edpt_clear_stall
 .text.unaligned_memcpy
                0x10005634       0x14 CMakeFiles/MGController_RP2040.dir/C_/Users/Bayu/.pico-sdk/sdk/2.2.0/lib/tinyusb/src/portable/raspberrypi/rp2040/rp2040_usb.c.obj
 .text.rp2040_usb_init
                0x10005648       0x44 CMakeFiles/MGController_RP2040.dir/C_/Users/Bayu/.pico-sdk/sdk/2.2.0/lib/tinyusb/src/portable/raspberrypi/rp2040/rp2040_usb.c.obj
                0x10005648                rp2040_usb_init
 .text.hw_endpoint_xfer_start
                0x1000568c       0x60 CMakeFiles/MGController_RP2040.dir/C_/Users/Bayu/.pico-sdk/sdk/2.2.0/lib/tinyusb/src/portable/raspberrypi/rp2040/rp2040_usb.c.obj
                0x1000568c                hw_endpoint_xfer_start
 .text.configuration_reset
                0x100056ec       0x84 CMakeFiles/MGController_RP2040.dir/C_/Users/Bayu/.pico-sdk/sdk/2.2.0/lib/tinyusb/src/device/usbd.c.obj
 .text.usbd_reset
                0x10005770        0xc CMakeFiles/MGController_RP2040.dir/C_/Users/Bayu/.pico-sdk/sdk/2.2.0/lib/tinyusb/src/device/usbd.c.obj
 .text.invoke_class_control
                0x1000577c       0x1a CMakeFiles/MGController_RP2040.dir/C_/Users/Bayu/.pico-sdk/sdk/2.2.0/lib/tinyusb/src/device/usbd.c.obj
 *fill*         0x10005796        0x2 
 .text.process_set_config
                0x10005798      0x1b0 CMakeFiles/MGController_RP2040.dir/C_/Users/Bayu/.pico-sdk/sdk/2.2.0/lib/tinyusb/src/device/usbd.c.obj
 .text.tud_event_hook_cb
                0x10005948        0x2 CMakeFiles/MGController_RP2040.dir/C_/Users/Bayu/.pico-sdk/sdk/2.2.0/lib/tinyusb/src/device/usbd.c.obj
                0x10005948                tud_event_hook_cb
 .text.tud_sof_cb
                0x1000594a        0x2 CMakeFiles/MGController_RP2040.dir/C_/Users/Bayu/.pico-sdk/sdk/2.2.0/lib/tinyusb/src/device/usbd.c.obj
                0x1000594a                tud_sof_cb
 .text.tud_descriptor_device_qualifier_cb
                0x1000594c        0x4 CMakeFiles/MGController_RP2040.dir/C_/Users/Bayu/.pico-sdk/sdk/2.2.0/lib/tinyusb/src/device/usbd.c.obj
                0x1000594c                tud_descriptor_device_qualifier_cb
 .text.tud_descriptor_other_speed_configuration_cb
                0x10005950        0x4 CMakeFiles/MGController_RP2040.dir/C_/Users/Bayu/.pico-sdk/sdk/2.2.0/lib/tinyusb/src/device/usbd.c.obj
                0x10005950                tud_descriptor_other_speed_configuration_cb
 .text.process_get_descriptor
                0x10005954       0xe0 CMakeFiles/MGController_RP2040.dir/C_/Users/Bayu/.pico-sdk/sdk/2.2.0/lib/tinyusb/src/device/usbd.c.obj
 .text.tud_mount_cb
                0x10005a34        0x2 CMakeFiles/MGController_RP2040.dir/C_/Users/Bayu/.pico-sdk/sdk/2.2.0/lib/tinyusb/src/device/usbd.c.obj
                0x10005a34                tud_mount_cb
 .text.tud_umount_cb
                0x10005a36        0x2 CMakeFiles/MGController_RP2040.dir/C_/Users/Bayu/.pico-sdk/sdk/2.2.0/lib/tinyusb/src/device/usbd.c.obj
                0x10005a36                tud_umount_cb
 .text.tud_suspend_cb
                0x10005a38        0x2 CMakeFiles/MGController_RP2040.dir/C_/Users/Bayu/.pico-sdk/sdk/2.2.0/lib/tinyusb/src/device/usbd.c.obj
                0x10005a38                tud_suspend_cb
 .text.tud_resume_cb
                0x10005a3a        0x2 CMakeFiles/MGController_RP2040.dir/C_/Users/Bayu/.pico-sdk/sdk/2.2.0/lib/tinyusb/src/device/usbd.c.obj
                0x10005a3a                tud_resume_cb
 .text.tud_mounted
                0x10005a3c       0x10 CMakeFiles/MGController_RP2040.dir/C_/Users/Bayu/.pico-sdk/sdk/2.2.0/lib/tinyusb/src/device/usbd.c.obj
                0x10005a3c                tud_mounted
 .text.tud_suspended
                0x10005a4c       0x10 CMakeFiles/MGController_RP2040.dir/C_/Users/Bayu/.pico-sdk/sdk/2.2.0/lib/tinyusb/src/device/usbd.c.obj
                0x10005a4c                tud_suspended
 .text.tud_inited
                0x10005a5c       0x14 CMakeFiles/MGController_RP2040.dir/C_/Users/Bayu/.pico-sdk/sdk/2.2.0/lib/tinyusb/src/device/usbd.c.obj
                0x10005a5c                tud_inited
 .text.tud_rhport_init
                0x10005a70      0x100 CMakeFiles/MGController_RP2040.dir/C_/Users/Bayu/.pico-sdk/sdk/2.2.0/lib/tinyusb/src/device/usbd.c.obj
                0x10005a70                tud_rhport_init
 .text.usbd_edpt_open
                0x10005b70       0x60 CMakeFiles/MGController_RP2040.dir/C_/Users/Bayu/.pico-sdk/sdk/2.2.0/lib/tinyusb/src/device/usbd.c.obj
                0x10005b70                usbd_edpt_open
 .text.usbd_open_edpt_pair
                0x10005bd0       0x88 CMakeFiles/MGController_RP2040.dir/C_/Users/Bayu/.pico-sdk/sdk/2.2.0/lib/tinyusb/src/device/usbd.c.obj
                0x10005bd0                usbd_open_edpt_pair
 .text.usbd_edpt_claim
                0x10005c58       0x28 CMakeFiles/MGController_RP2040.dir/C_/Users/Bayu/.pico-sdk/sdk/2.2.0/lib/tinyusb/src/device/usbd.c.obj
                0x10005c58                usbd_edpt_claim
 .text.usbd_edpt_release
                0x10005c80       0x28 CMakeFiles/MGController_RP2040.dir/C_/Users/Bayu/.pico-sdk/sdk/2.2.0/lib/tinyusb/src/device/usbd.c.obj
                0x10005c80                usbd_edpt_release
 .text.usbd_edpt_xfer
                0x10005ca8       0x88 CMakeFiles/MGController_RP2040.dir/C_/Users/Bayu/.pico-sdk/sdk/2.2.0/lib/tinyusb/src/device/usbd.c.obj
                0x10005ca8                usbd_edpt_xfer
 .text.usbd_edpt_stall
                0x10005d30       0x34 CMakeFiles/MGController_RP2040.dir/C_/Users/Bayu/.pico-sdk/sdk/2.2.0/lib/tinyusb/src/device/usbd.c.obj
                0x10005d30                usbd_edpt_stall
 .text.usbd_edpt_clear_stall
                0x10005d64       0x34 CMakeFiles/MGController_RP2040.dir/C_/Users/Bayu/.pico-sdk/sdk/2.2.0/lib/tinyusb/src/device/usbd.c.obj
                0x10005d64                usbd_edpt_clear_stall
 .text.usbd_edpt_stalled
                0x10005d98       0x1c CMakeFiles/MGController_RP2040.dir/C_/Users/Bayu/.pico-sdk/sdk/2.2.0/lib/tinyusb/src/device/usbd.c.obj
                0x10005d98                usbd_edpt_stalled
 .text.process_control_request
                0x10005db4      0x384 CMakeFiles/MGController_RP2040.dir/C_/Users/Bayu/.pico-sdk/sdk/2.2.0/lib/tinyusb/src/device/usbd.c.obj
 .text.tud_task_ext
                0x10006138      0x1d0 CMakeFiles/MGController_RP2040.dir/C_/Users/Bayu/.pico-sdk/sdk/2.2.0/lib/tinyusb/src/device/usbd.c.obj
                0x10006138                tud_task_ext
 .text.status_stage_xact
                0x10006308       0x1a CMakeFiles/MGController_RP2040.dir/C_/Users/Bayu/.pico-sdk/sdk/2.2.0/lib/tinyusb/src/device/usbd_control.c.obj
 *fill*         0x10006322        0x2 
 .text.data_stage_xact
                0x10006324       0x60 CMakeFiles/MGController_RP2040.dir/C_/Users/Bayu/.pico-sdk/sdk/2.2.0/lib/tinyusb/src/device/usbd_control.c.obj
 .text.tud_control_status
                0x10006384       0x28 CMakeFiles/MGController_RP2040.dir/C_/Users/Bayu/.pico-sdk/sdk/2.2.0/lib/tinyusb/src/device/usbd_control.c.obj
                0x10006384                tud_control_status
 .text.tud_control_xfer
                0x100063ac       0x98 CMakeFiles/MGController_RP2040.dir/C_/Users/Bayu/.pico-sdk/sdk/2.2.0/lib/tinyusb/src/device/usbd_control.c.obj
                0x100063ac                tud_control_xfer
 .text.usbd_control_reset
                0x10006444       0x14 CMakeFiles/MGController_RP2040.dir/C_/Users/Bayu/.pico-sdk/sdk/2.2.0/lib/tinyusb/src/device/usbd_control.c.obj
                0x10006444                usbd_control_reset
 .text.usbd_control_set_complete_callback
                0x10006458        0xc CMakeFiles/MGController_RP2040.dir/C_/Users/Bayu/.pico-sdk/sdk/2.2.0/lib/tinyusb/src/device/usbd_control.c.obj
                0x10006458                usbd_control_set_complete_callback
 .text.usbd_control_set_request
                0x10006464       0x1c CMakeFiles/MGController_RP2040.dir/C_/Users/Bayu/.pico-sdk/sdk/2.2.0/lib/tinyusb/src/device/usbd_control.c.obj
                0x10006464                usbd_control_set_request
 .text.usbd_control_xfer_cb
                0x10006480       0xe0 CMakeFiles/MGController_RP2040.dir/C_/Users/Bayu/.pico-sdk/sdk/2.2.0/lib/tinyusb/src/device/usbd_control.c.obj
                0x10006480                usbd_control_xfer_cb
 .text._prep_out_transaction
                0x10006560       0x94 CMakeFiles/MGController_RP2040.dir/C_/Users/Bayu/.pico-sdk/sdk/2.2.0/lib/tinyusb/src/class/cdc/cdc_device.c.obj
 .text.tud_cdc_n_connected
                0x100065f4       0x38 CMakeFiles/MGController_RP2040.dir/C_/Users/Bayu/.pico-sdk/sdk/2.2.0/lib/tinyusb/src/class/cdc/cdc_device.c.obj
                0x100065f4                tud_cdc_n_connected
 .text.tud_cdc_n_available
                0x1000662c       0x18 CMakeFiles/MGController_RP2040.dir/C_/Users/Bayu/.pico-sdk/sdk/2.2.0/lib/tinyusb/src/class/cdc/cdc_device.c.obj
                0x1000662c                tud_cdc_n_available
 .text.tud_cdc_n_read
                0x10006644       0x38 CMakeFiles/MGController_RP2040.dir/C_/Users/Bayu/.pico-sdk/sdk/2.2.0/lib/tinyusb/src/class/cdc/cdc_device.c.obj
                0x10006644                tud_cdc_n_read
 .text.tud_cdc_n_write_flush
                0x1000667c       0xb0 CMakeFiles/MGController_RP2040.dir/C_/Users/Bayu/.pico-sdk/sdk/2.2.0/lib/tinyusb/src/class/cdc/cdc_device.c.obj
                0x1000667c                tud_cdc_n_write_flush
 .text.tud_cdc_n_write
                0x1000672c       0x48 CMakeFiles/MGController_RP2040.dir/C_/Users/Bayu/.pico-sdk/sdk/2.2.0/lib/tinyusb/src/class/cdc/cdc_device.c.obj
                0x1000672c                tud_cdc_n_write
 .text.tud_cdc_n_write_available
                0x10006774       0x18 CMakeFiles/MGController_RP2040.dir/C_/Users/Bayu/.pico-sdk/sdk/2.2.0/lib/tinyusb/src/class/cdc/cdc_device.c.obj
                0x10006774                tud_cdc_n_write_available
 .text.cdcd_init
                0x1000678c       0xac CMakeFiles/MGController_RP2040.dir/C_/Users/Bayu/.pico-sdk/sdk/2.2.0/lib/tinyusb/src/class/cdc/cdc_device.c.obj
                0x1000678c                cdcd_init
 .text.cdcd_deinit
                0x10006838       0x48 CMakeFiles/MGController_RP2040.dir/C_/Users/Bayu/.pico-sdk/sdk/2.2.0/lib/tinyusb/src/class/cdc/cdc_device.c.obj
                0x10006838                cdcd_deinit
 .text.cdcd_reset
                0x10006880       0x70 CMakeFiles/MGController_RP2040.dir/C_/Users/Bayu/.pico-sdk/sdk/2.2.0/lib/tinyusb/src/class/cdc/cdc_device.c.obj
                0x10006880                cdcd_reset
 .text.cdcd_open
                0x100068f0       0xec CMakeFiles/MGController_RP2040.dir/C_/Users/Bayu/.pico-sdk/sdk/2.2.0/lib/tinyusb/src/class/cdc/cdc_device.c.obj
                0x100068f0                cdcd_open
 .text.cdcd_control_xfer_cb
                0x100069dc      0x13c CMakeFiles/MGController_RP2040.dir/C_/Users/Bayu/.pico-sdk/sdk/2.2.0/lib/tinyusb/src/class/cdc/cdc_device.c.obj
                0x100069dc                cdcd_control_xfer_cb
 .text.cdcd_xfer_cb
                0x10006b18      0x148 CMakeFiles/MGController_RP2040.dir/C_/Users/Bayu/.pico-sdk/sdk/2.2.0/lib/tinyusb/src/class/cdc/cdc_device.c.obj
                0x10006b18                cdcd_xfer_cb
 .text.tud_vendor_n_mounted
                0x10006c60       0x3c CMakeFiles/MGController_RP2040.dir/C_/Users/Bayu/.pico-sdk/sdk/2.2.0/lib/tinyusb/src/class/vendor/vendor_device.c.obj
                0x10006c60                tud_vendor_n_mounted
 .text.tud_vendor_n_write_flush
                0x10006c9c       0x20 CMakeFiles/MGController_RP2040.dir/C_/Users/Bayu/.pico-sdk/sdk/2.2.0/lib/tinyusb/src/class/vendor/vendor_device.c.obj
                0x10006c9c                tud_vendor_n_write_flush
 .text.vendord_init
                0x10006cbc       0x9c CMakeFiles/MGController_RP2040.dir/C_/Users/Bayu/.pico-sdk/sdk/2.2.0/lib/tinyusb/src/class/vendor/vendor_device.c.obj
                0x10006cbc                vendord_init
 .text.vendord_deinit
                0x10006d58       0x34 CMakeFiles/MGController_RP2040.dir/C_/Users/Bayu/.pico-sdk/sdk/2.2.0/lib/tinyusb/src/class/vendor/vendor_device.c.obj
                0x10006d58                vendord_deinit
 .text.vendord_reset
                0x10006d8c       0x50 CMakeFiles/MGController_RP2040.dir/C_/Users/Bayu/.pico-sdk/sdk/2.2.0/lib/tinyusb/src/class/vendor/vendor_device.c.obj
                0x10006d8c                vendord_reset
 .text.vendord_open
                0x10006ddc      0x14c CMakeFiles/MGController_RP2040.dir/C_/Users/Bayu/.pico-sdk/sdk/2.2.0/lib/tinyusb/src/class/vendor/vendor_device.c.obj
                0x10006ddc                vendord_open
 .text.vendord_xfer_cb
                0x10006f28       0xd8 CMakeFiles/MGController_RP2040.dir/C_/Users/Bayu/.pico-sdk/sdk/2.2.0/lib/tinyusb/src/class/vendor/vendor_device.c.obj
                0x10006f28                vendord_xfer_cb
 .text.tusb_rhport_init
                0x10007000       0x78 CMakeFiles/MGController_RP2040.dir/C_/Users/Bayu/.pico-sdk/sdk/2.2.0/lib/tinyusb/src/tusb.c.obj
                0x10007000                tusb_rhport_init
 .text.tu_edpt_claim
                0x10007078       0x50 CMakeFiles/MGController_RP2040.dir/C_/Users/Bayu/.pico-sdk/sdk/2.2.0/lib/tinyusb/src/tusb.c.obj
                0x10007078                tu_edpt_claim
 .text.tu_edpt_release
                0x100070c8       0x38 CMakeFiles/MGController_RP2040.dir/C_/Users/Bayu/.pico-sdk/sdk/2.2.0/lib/tinyusb/src/tusb.c.obj
                0x100070c8                tu_edpt_release
 .text.tu_edpt_validate
                0x10007100       0xac CMakeFiles/MGController_RP2040.dir/C_/Users/Bayu/.pico-sdk/sdk/2.2.0/lib/tinyusb/src/tusb.c.obj
                0x10007100                tu_edpt_validate
 .text.tu_edpt_bind_driver
                0x100071ac       0x26 CMakeFiles/MGController_RP2040.dir/C_/Users/Bayu/.pico-sdk/sdk/2.2.0/lib/tinyusb/src/tusb.c.obj
                0x100071ac                tu_edpt_bind_driver
 .text.tu_edpt_stream_init
                0x100071d2       0x62 CMakeFiles/MGController_RP2040.dir/C_/Users/Bayu/.pico-sdk/sdk/2.2.0/lib/tinyusb/src/tusb.c.obj
                0x100071d2                tu_edpt_stream_init
 .text.tu_edpt_stream_deinit
                0x10007234        0x4 CMakeFiles/MGController_RP2040.dir/C_/Users/Bayu/.pico-sdk/sdk/2.2.0/lib/tinyusb/src/tusb.c.obj
                0x10007234                tu_edpt_stream_deinit
 .text.tu_edpt_stream_write_zlp_if_needed
                0x10007238       0x80 CMakeFiles/MGController_RP2040.dir/C_/Users/Bayu/.pico-sdk/sdk/2.2.0/lib/tinyusb/src/tusb.c.obj
                0x10007238                tu_edpt_stream_write_zlp_if_needed
 .text.tu_edpt_stream_write_xfer
                0x100072b8       0x84 CMakeFiles/MGController_RP2040.dir/C_/Users/Bayu/.pico-sdk/sdk/2.2.0/lib/tinyusb/src/tusb.c.obj
                0x100072b8                tu_edpt_stream_write_xfer
 .text.tu_edpt_stream_read_xfer
                0x1000733c       0xf4 CMakeFiles/MGController_RP2040.dir/C_/Users/Bayu/.pico-sdk/sdk/2.2.0/lib/tinyusb/src/tusb.c.obj
                0x1000733c                tu_edpt_stream_read_xfer
 .text.advance_index
                0x10007430       0x1a CMakeFiles/MGController_RP2040.dir/C_/Users/Bayu/.pico-sdk/sdk/2.2.0/lib/tinyusb/src/common/tusb_fifo.c.obj
 .text._tu_fifo_peek
                0x1000744a       0x56 CMakeFiles/MGController_RP2040.dir/C_/Users/Bayu/.pico-sdk/sdk/2.2.0/lib/tinyusb/src/common/tusb_fifo.c.obj
 .text._ff_pull_n
                0x100074a0       0x68 CMakeFiles/MGController_RP2040.dir/C_/Users/Bayu/.pico-sdk/sdk/2.2.0/lib/tinyusb/src/common/tusb_fifo.c.obj
 .text._tu_fifo_peek_n
                0x10007508       0x6a CMakeFiles/MGController_RP2040.dir/C_/Users/Bayu/.pico-sdk/sdk/2.2.0/lib/tinyusb/src/common/tusb_fifo.c.obj
 .text._tu_fifo_read_n
                0x10007572       0x4e CMakeFiles/MGController_RP2040.dir/C_/Users/Bayu/.pico-sdk/sdk/2.2.0/lib/tinyusb/src/common/tusb_fifo.c.obj
 .text._ff_push_n
                0x100075c0       0x68 CMakeFiles/MGController_RP2040.dir/C_/Users/Bayu/.pico-sdk/sdk/2.2.0/lib/tinyusb/src/common/tusb_fifo.c.obj
 .text._tu_fifo_write_n
                0x10007628       0xf0 CMakeFiles/MGController_RP2040.dir/C_/Users/Bayu/.pico-sdk/sdk/2.2.0/lib/tinyusb/src/common/tusb_fifo.c.obj
 .text.tu_fifo_config
                0x10007718       0x7c CMakeFiles/MGController_RP2040.dir/C_/Users/Bayu/.pico-sdk/sdk/2.2.0/lib/tinyusb/src/common/tusb_fifo.c.obj
                0x10007718                tu_fifo_config
 .text.tu_fifo_count
                0x10007794       0x2c CMakeFiles/MGController_RP2040.dir/C_/Users/Bayu/.pico-sdk/sdk/2.2.0/lib/tinyusb/src/common/tusb_fifo.c.obj
                0x10007794                tu_fifo_count
 .text.tu_fifo_empty
                0x100077c0        0xe CMakeFiles/MGController_RP2040.dir/C_/Users/Bayu/.pico-sdk/sdk/2.2.0/lib/tinyusb/src/common/tusb_fifo.c.obj
                0x100077c0                tu_fifo_empty
 .text.tu_fifo_full
                0x100077ce       0x2a CMakeFiles/MGController_RP2040.dir/C_/Users/Bayu/.pico-sdk/sdk/2.2.0/lib/tinyusb/src/common/tusb_fifo.c.obj
                0x100077ce                tu_fifo_full
 .text.tu_fifo_remaining
                0x100077f8       0x2e CMakeFiles/MGController_RP2040.dir/C_/Users/Bayu/.pico-sdk/sdk/2.2.0/lib/tinyusb/src/common/tusb_fifo.c.obj
                0x100077f8                tu_fifo_remaining
 .text.tu_fifo_read
                0x10007826       0x42 CMakeFiles/MGController_RP2040.dir/C_/Users/Bayu/.pico-sdk/sdk/2.2.0/lib/tinyusb/src/common/tusb_fifo.c.obj
                0x10007826                tu_fifo_read
 .text.tu_fifo_read_n
                0x10007868        0xa CMakeFiles/MGController_RP2040.dir/C_/Users/Bayu/.pico-sdk/sdk/2.2.0/lib/tinyusb/src/common/tusb_fifo.c.obj
                0x10007868                tu_fifo_read_n
 .text.tu_fifo_write
                0x10007872       0x64 CMakeFiles/MGController_RP2040.dir/C_/Users/Bayu/.pico-sdk/sdk/2.2.0/lib/tinyusb/src/common/tusb_fifo.c.obj
                0x10007872                tu_fifo_write
 .text.tu_fifo_write_n
                0x100078d6        0xa CMakeFiles/MGController_RP2040.dir/C_/Users/Bayu/.pico-sdk/sdk/2.2.0/lib/tinyusb/src/common/tusb_fifo.c.obj
                0x100078d6                tu_fifo_write_n
 .text.tu_fifo_clear
                0x100078e0       0x3e CMakeFiles/MGController_RP2040.dir/C_/Users/Bayu/.pico-sdk/sdk/2.2.0/lib/tinyusb/src/common/tusb_fifo.c.obj
                0x100078e0                tu_fifo_clear
 .text.tu_fifo_set_overwritable
                0x1000791e       0x46 CMakeFiles/MGController_RP2040.dir/C_/Users/Bayu/.pico-sdk/sdk/2.2.0/lib/tinyusb/src/common/tusb_fifo.c.obj
                0x1000791e                tu_fifo_set_overwritable
 .text.pio_get_default_sm_config
                0x10007964       0x28 CMakeFiles/MGController_RP2040.dir/C_/Users/Bayu/.pico-sdk/sdk/2.2.0/src/rp2_common/hardware_pio/pio.c.obj
 .text.is_program_gpio_compatible
                0x1000798c        0x4 CMakeFiles/MGController_RP2040.dir/C_/Users/Bayu/.pico-sdk/sdk/2.2.0/src/rp2_common/hardware_pio/pio.c.obj
 .text.add_program_at_offset_check
                0x10007990       0x64 CMakeFiles/MGController_RP2040.dir/C_/Users/Bayu/.pico-sdk/sdk/2.2.0/src/rp2_common/hardware_pio/pio.c.obj
 .text.add_program_at_offset
                0x100079f4       0x60 CMakeFiles/MGController_RP2040.dir/C_/Users/Bayu/.pico-sdk/sdk/2.2.0/src/rp2_common/hardware_pio/pio.c.obj
 .text.find_offset_for_program
                0x10007a54       0x7c CMakeFiles/MGController_RP2040.dir/C_/Users/Bayu/.pico-sdk/sdk/2.2.0/src/rp2_common/hardware_pio/pio.c.obj
 .text.pio_claim_unused_sm
                0x10007ad0       0x38 CMakeFiles/MGController_RP2040.dir/C_/Users/Bayu/.pico-sdk/sdk/2.2.0/src/rp2_common/hardware_pio/pio.c.obj
                0x10007ad0                pio_claim_unused_sm
 .text.pio_add_program
                0x10007b08       0x30 CMakeFiles/MGController_RP2040.dir/C_/Users/Bayu/.pico-sdk/sdk/2.2.0/src/rp2_common/hardware_pio/pio.c.obj
                0x10007b08                pio_add_program
 .text.pio_sm_set_consecutive_pindirs
                0x10007b38       0xb4 CMakeFiles/MGController_RP2040.dir/C_/Users/Bayu/.pico-sdk/sdk/2.2.0/src/rp2_common/hardware_pio/pio.c.obj
                0x10007b38                pio_sm_set_consecutive_pindirs
 .text.pio_sm_init
                0x10007bec       0xb4 CMakeFiles/MGController_RP2040.dir/C_/Users/Bayu/.pico-sdk/sdk/2.2.0/src/rp2_common/hardware_pio/pio.c.obj
                0x10007bec                pio_sm_init
 .text.i2c_unreset
                0x10007ca0       0x2c CMakeFiles/MGController_RP2040.dir/C_/Users/Bayu/.pico-sdk/sdk/2.2.0/src/rp2_common/hardware_i2c/i2c.c.obj
 .text.i2c_write_blocking_internal
                0x10007ccc      0x158 CMakeFiles/MGController_RP2040.dir/C_/Users/Bayu/.pico-sdk/sdk/2.2.0/src/rp2_common/hardware_i2c/i2c.c.obj
 .text.i2c_set_baudrate
                0x10007e24       0xf0 CMakeFiles/MGController_RP2040.dir/C_/Users/Bayu/.pico-sdk/sdk/2.2.0/src/rp2_common/hardware_i2c/i2c.c.obj
                0x10007e24                i2c_set_baudrate
 .text.i2c_init
                0x10007f14       0x54 CMakeFiles/MGController_RP2040.dir/C_/Users/Bayu/.pico-sdk/sdk/2.2.0/src/rp2_common/hardware_i2c/i2c.c.obj
                0x10007f14                i2c_init
 .text.i2c_write_blocking
                0x10007f68       0x18 CMakeFiles/MGController_RP2040.dir/C_/Users/Bayu/.pico-sdk/sdk/2.2.0/src/rp2_common/hardware_i2c/i2c.c.obj
                0x10007f68                i2c_write_blocking
 .text.strlen   0x10007f80       0x5c C:/Users/Bayu/.pico-sdk/toolchain/14_2_Rel1/bin/../lib/gcc/arm-none-eabi/14.2.1/thumb/v6-m/nofp\libg.a(libc_a-strlen-stub.o)
                0x10007f80                strlen
 *(.fini)
 .fini          0x10007fdc        0x4 C:/Users/Bayu/.pico-sdk/toolchain/14_2_Rel1/bin/../lib/gcc/arm-none-eabi/14.2.1/thumb/v6-m/nofp/crti.o
                0x10007fdc                _fini
 .fini.__stub   0x10007fe0       0xf0 linker stubs
 *crtbegin.o(.ctors)
 *crtbegin?.o(.ctors)
 *(EXCLUDE_FILE(*crtend.o *crtend?.o) .ctors)
 *(SORT_BY_NAME(.ctors.*))
 *(.ctors)
 *crtbegin.o(.dtors)
 *crtbegin?.o(.dtors)
 *(EXCLUDE_FILE(*crtend.o *crtend?.o) .dtors)
 *(SORT_BY_NAME(.dtors.*))
 *(.dtors)
                0x100080d0                        . = ALIGN (0x4)
                0x100080d0                        PROVIDE (__preinit_array_start = .)
 *(SORT_BY_NAME(.preinit_array.*))
 .preinit_array.00100
                0x100080d0        0x4 CMakeFiles/MGController_RP2040.dir/C_/Users/Bayu/.pico-sdk/sdk/2.2.0/src/rp2_common/pico_runtime_init/runtime_init.c.obj
                0x100080d0                __pre_init_runtime_init_early_resets
 .preinit_array.00101
                0x100080d4        0x4 CMakeFiles/MGController_RP2040.dir/C_/Users/Bayu/.pico-sdk/sdk/2.2.0/src/rp2_common/pico_runtime_init/runtime_init.c.obj
                0x100080d4                __pre_init_runtime_init_usb_power_down
 .preinit_array.00275
                0x100080d8        0x4 CMakeFiles/MGController_RP2040.dir/C_/Users/Bayu/.pico-sdk/sdk/2.2.0/src/rp2_common/pico_bit_ops/bit_ops_aeabi.S.obj
 .preinit_array.00300
                0x100080dc        0x4 CMakeFiles/MGController_RP2040.dir/C_/Users/Bayu/.pico-sdk/sdk/2.2.0/src/rp2_common/pico_mem_ops/mem_ops_aeabi.S.obj
 .preinit_array.00350
                0x100080e0        0x4 CMakeFiles/MGController_RP2040.dir/C_/Users/Bayu/.pico-sdk/sdk/2.2.0/src/rp2_common/pico_double/double_aeabi_rp2040.S.obj
 .preinit_array.00350
                0x100080e4        0x4 CMakeFiles/MGController_RP2040.dir/C_/Users/Bayu/.pico-sdk/sdk/2.2.0/src/rp2_common/pico_float/float_aeabi_rp2040.S.obj
 .preinit_array.00500
                0x100080e8        0x4 CMakeFiles/MGController_RP2040.dir/C_/Users/Bayu/.pico-sdk/sdk/2.2.0/src/rp2_common/pico_runtime_init/runtime_init.c.obj
                0x100080e8                __pre_init_runtime_init_clocks
 .preinit_array.00600
                0x100080ec        0x4 CMakeFiles/MGController_RP2040.dir/C_/Users/Bayu/.pico-sdk/sdk/2.2.0/src/rp2_common/pico_runtime_init/runtime_init.c.obj
                0x100080ec                __pre_init_runtime_init_post_clock_resets
 .preinit_array.00700
                0x100080f0        0x4 CMakeFiles/MGController_RP2040.dir/C_/Users/Bayu/.pico-sdk/sdk/2.2.0/src/rp2_common/pico_runtime_init/runtime_init.c.obj
                0x100080f0                __pre_init_runtime_init_rp2040_gpio_ie_disable
 .preinit_array.01000
                0x100080f4        0x4 CMakeFiles/MGController_RP2040.dir/C_/Users/Bayu/.pico-sdk/sdk/2.2.0/src/rp2_common/pico_runtime_init/runtime_init.c.obj
                0x100080f4                __pre_init_runtime_init_spin_locks_reset
 .preinit_array.01100
                0x100080f8        0x4 CMakeFiles/MGController_RP2040.dir/C_/Users/Bayu/.pico-sdk/sdk/2.2.0/src/common/pico_sync/mutex.c.obj
                0x100080f8                __pre_init_runtime_init_mutex
 .preinit_array.10080
                0x100080fc        0x4 CMakeFiles/MGController_RP2040.dir/C_/Users/Bayu/.pico-sdk/sdk/2.2.0/src/rp2_common/pico_runtime_init/runtime_init.c.obj
                0x100080fc                __pre_init_runtime_init_install_ram_vector_table
 .preinit_array.11000
                0x10008100        0x4 CMakeFiles/MGController_RP2040.dir/C_/Users/Bayu/.pico-sdk/sdk/2.2.0/src/common/pico_time/time.c.obj
                0x10008100                __pre_init_runtime_init_default_alarm_pool
 .preinit_array.YYYYY
                0x10008104        0x4 CMakeFiles/MGController_RP2040.dir/C_/Users/Bayu/.pico-sdk/sdk/2.2.0/src/rp2_common/pico_runtime/runtime.c.obj
                0x10008104                __pre_init_first_per_core_initializer
 .preinit_array.ZZZZZ.01200
                0x10008108        0x4 CMakeFiles/MGController_RP2040.dir/C_/Users/Bayu/.pico-sdk/sdk/2.2.0/src/rp2_common/hardware_irq/irq.c.obj
                0x10008108                __pre_init_runtime_init_per_core_irq_priorities
 *(.preinit_array)
                0x1000810c                        PROVIDE (__preinit_array_end = .)
                0x1000810c                        . = ALIGN (0x4)
                0x1000810c                        PROVIDE (__init_array_start = .)
 *(SORT_BY_NAME(.init_array.*))
 .init_array.01000
                0x1000810c        0x4 CMakeFiles/MGController_RP2040.dir/C_/Users/Bayu/.pico-sdk/sdk/2.2.0/src/rp2_common/pico_unique_id/unique_id.c.obj
 *(.init_array)
 .init_array    0x10008110        0x4 C:/Users/Bayu/.pico-sdk/toolchain/14_2_Rel1/bin/../lib/gcc/arm-none-eabi/14.2.1/thumb/v6-m/nofp/crtbegin.o
                0x10008114                        PROVIDE (__init_array_end = .)
                0x10008114                        . = ALIGN (0x4)
                [!provide]                        PROVIDE (__fini_array_start = .)
 *(SORT_BY_NAME(.fini_array.*))
 *(.fini_array)
                [!provide]                        PROVIDE (__fini_array_end = .)
 *(.eh_frame*)
 .eh_frame      0x10008114        0x0 C:/Users/Bayu/.pico-sdk/toolchain/14_2_Rel1/bin/../lib/gcc/arm-none-eabi/14.2.1/thumb/v6-m/nofp/crtbegin.o
                0x10008114                        . = ALIGN (0x4)

.glue_7         0x10008114        0x0
 .glue_7        0x10008114        0x0 linker stubs

.glue_7t        0x10008114        0x0
 .glue_7t       0x10008114        0x0 linker stubs

.vfp11_veneer   0x10008114        0x0
 .vfp11_veneer  0x10008114        0x0 linker stubs

.v4_bx          0x10008114        0x0
 .v4_bx         0x10008114        0x0 linker stubs

.iplt           0x10008114        0x0
 .iplt          0x10008114        0x0 C:/Users/Bayu/.pico-sdk/toolchain/14_2_Rel1/bin/../lib/gcc/arm-none-eabi/14.2.1/thumb/v6-m/nofp/crtbegin.o

.rodata         0x10008118     0x17dc
 *(EXCLUDE_FILE(*libm.a: *libc.a:*lib_a-mem*.o *libgcc.a:) .rodata*)
 .rodata.updateMenu.str1.4
                0x10008118      0xf28 CMakeFiles/MGController_RP2040.dir/main.c.obj
                                 0x83 (size before relaxing)
 .rodata.updateMenu
                0x10009040       0x1c CMakeFiles/MGController_RP2040.dir/main.c.obj
 .rodata.aturFrekuensi.str1.4
                0x1000905c       0x18 CMakeFiles/MGController_RP2040.dir/main.c.obj
 .rodata.aturLebarPulsa.str1.4
                0x1000905c       0x24 CMakeFiles/MGController_RP2040.dir/main.c.obj
 .rodata.aturWaktuPerlakuan.str1.4
                0x1000905c       0x1e CMakeFiles/MGController_RP2040.dir/main.c.obj
 .rodata.aturBedaFasa.str1.4
                0x1000905c        0xe CMakeFiles/MGController_RP2040.dir/main.c.obj
 .rodata.configure_pio_parameters.str1.4
                0x1000905c       0x6a CMakeFiles/MGController_RP2040.dir/main.c.obj
 .rodata.calculate_delays.str1.4
                0x1000905c       0x2b CMakeFiles/MGController_RP2040.dir/main.c.obj
 .rodata.startPulseGeneration.str1.4
                0x1000905c       0x20 CMakeFiles/MGController_RP2040.dir/main.c.obj
 .rodata.load_parameters.str1.4
                0x1000905c       0x55 CMakeFiles/MGController_RP2040.dir/main.c.obj
 .rodata.save_parameters.str1.4
                0x1000905c       0x3d CMakeFiles/MGController_RP2040.dir/main.c.obj
 .rodata.handle_menu.str1.4
                0x1000905c       0x10 CMakeFiles/MGController_RP2040.dir/main.c.obj
 .rodata.signal_generator_program
                0x1000905c        0x8 CMakeFiles/MGController_RP2040.dir/main.c.obj
 .rodata.signal_generator_program_instructions
                0x10009064       0x20 CMakeFiles/MGController_RP2040.dir/main.c.obj
 .rodata.rp2040_chip_version.str1.4
                0x10009084       0x7d CMakeFiles/MGController_RP2040.dir/C_/Users/Bayu/.pico-sdk/sdk/2.2.0/src/rp2040/pico_platform/platform.c.obj
 .rodata.__func__.0
                0x10009084       0x14 CMakeFiles/MGController_RP2040.dir/C_/Users/Bayu/.pico-sdk/sdk/2.2.0/src/rp2040/pico_platform/platform.c.obj
 .rodata.panic.str1.4
                0x10009098       0x12 CMakeFiles/MGController_RP2040.dir/C_/Users/Bayu/.pico-sdk/sdk/2.2.0/src/rp2_common/pico_platform_panic/panic.c.obj
 .rodata.spin_lock_claim_unused.str1.4
                0x10009098       0x1b CMakeFiles/MGController_RP2040.dir/C_/Users/Bayu/.pico-sdk/sdk/2.2.0/src/rp2_common/hardware_sync/sync.c.obj
 .rodata.resolve_j_16.str1.4
                0x10009098       0x5c CMakeFiles/MGController_RP2040.dir/C_/Users/Bayu/.pico-sdk/sdk/2.2.0/src/rp2_common/hardware_irq/irq.c.obj
 .rodata.make_j_16.str1.4
                0x10009098       0x30 CMakeFiles/MGController_RP2040.dir/C_/Users/Bayu/.pico-sdk/sdk/2.2.0/src/rp2_common/hardware_irq/irq.c.obj
 .rodata.irq_set_exclusive_handler.str1.4
                0x10009098       0x36 CMakeFiles/MGController_RP2040.dir/C_/Users/Bayu/.pico-sdk/sdk/2.2.0/src/rp2_common/hardware_irq/irq.c.obj
 .rodata.irq_add_shared_handler.str1.4
                0x10009098       0xd2 CMakeFiles/MGController_RP2040.dir/C_/Users/Bayu/.pico-sdk/sdk/2.2.0/src/rp2_common/hardware_irq/irq.c.obj
 .rodata.irq_add_tail_to_free_list.str1.4
                0x10009098       0x3a CMakeFiles/MGController_RP2040.dir/C_/Users/Bayu/.pico-sdk/sdk/2.2.0/src/rp2_common/hardware_irq/irq.c.obj
 .rodata.user_irq_claim_unused.str1.4
                0x10009098       0x1b CMakeFiles/MGController_RP2040.dir/C_/Users/Bayu/.pico-sdk/sdk/2.2.0/src/rp2_common/hardware_irq/irq.c.obj
 .rodata.__func__.0
                0x10009098       0x1a CMakeFiles/MGController_RP2040.dir/C_/Users/Bayu/.pico-sdk/sdk/2.2.0/src/rp2_common/hardware_irq/irq.c.obj
 *fill*         0x100090b2        0x2 
 .rodata.__func__.3
                0x100090b4        0xa CMakeFiles/MGController_RP2040.dir/C_/Users/Bayu/.pico-sdk/sdk/2.2.0/src/rp2_common/hardware_irq/irq.c.obj
 *fill*         0x100090be        0x2 
 .rodata.__func__.4
                0x100090c0        0xd CMakeFiles/MGController_RP2040.dir/C_/Users/Bayu/.pico-sdk/sdk/2.2.0/src/rp2_common/hardware_irq/irq.c.obj
 *fill*         0x100090cd        0x3 
 .rodata.__func__.5
                0x100090d0       0x17 CMakeFiles/MGController_RP2040.dir/C_/Users/Bayu/.pico-sdk/sdk/2.2.0/src/rp2_common/hardware_irq/irq.c.obj
 *fill*         0x100090e7        0x1 
 .rodata.__func__.6
                0x100090e8       0x1a CMakeFiles/MGController_RP2040.dir/C_/Users/Bayu/.pico-sdk/sdk/2.2.0/src/rp2_common/hardware_irq/irq.c.obj
 .rodata.runtime_init_mutex.str1.4
                0x10009102       0x5f CMakeFiles/MGController_RP2040.dir/C_/Users/Bayu/.pico-sdk/sdk/2.2.0/src/common/pico_sync/mutex.c.obj
 .rodata.str1.4
                0x10009102       0x51 CMakeFiles/MGController_RP2040.dir/C_/Users/Bayu/.pico-sdk/sdk/2.2.0/src/common/pico_sync/mutex.c.obj
 *fill*         0x10009102        0x2 
 .rodata.__func__.1
                0x10009104        0xb CMakeFiles/MGController_RP2040.dir/C_/Users/Bayu/.pico-sdk/sdk/2.2.0/src/common/pico_sync/mutex.c.obj
 *fill*         0x1000910f        0x1 
 .rodata.__func__.3
                0x10009110       0x18 CMakeFiles/MGController_RP2040.dir/C_/Users/Bayu/.pico-sdk/sdk/2.2.0/src/common/pico_sync/mutex.c.obj
 .rodata.__func__.6
                0x10009128       0x13 CMakeFiles/MGController_RP2040.dir/C_/Users/Bayu/.pico-sdk/sdk/2.2.0/src/common/pico_sync/mutex.c.obj
 .rodata.alarm_pool_irq_handler.str1.4
                0x1000913b       0x6a CMakeFiles/MGController_RP2040.dir/C_/Users/Bayu/.pico-sdk/sdk/2.2.0/src/common/pico_time/time.c.obj
 .rodata.alarm_pool_get_default.str1.4
                0x1000913b       0x21 CMakeFiles/MGController_RP2040.dir/C_/Users/Bayu/.pico-sdk/sdk/2.2.0/src/common/pico_time/time.c.obj
 .rodata.sleep_until.str1.4
                0x1000913b       0x4d CMakeFiles/MGController_RP2040.dir/C_/Users/Bayu/.pico-sdk/sdk/2.2.0/src/common/pico_time/time.c.obj
 *fill*         0x1000913b        0x1 
 .rodata.__func__.1
                0x1000913c       0x17 CMakeFiles/MGController_RP2040.dir/C_/Users/Bayu/.pico-sdk/sdk/2.2.0/src/common/pico_time/time.c.obj
 *fill*         0x10009153        0x1 
 .rodata.__func__.2
                0x10009154       0x17 CMakeFiles/MGController_RP2040.dir/C_/Users/Bayu/.pico-sdk/sdk/2.2.0/src/common/pico_time/time.c.obj
 .rodata.timer_hardware_alarm_claim.str1.4
                0x1000916b       0x22 CMakeFiles/MGController_RP2040.dir/C_/Users/Bayu/.pico-sdk/sdk/2.2.0/src/rp2_common/hardware_timer/timer.c.obj
 .rodata.pll_init.str1.4
                0x1000916b      0x118 CMakeFiles/MGController_RP2040.dir/C_/Users/Bayu/.pico-sdk/sdk/2.2.0/src/rp2_common/hardware_pll/pll.c.obj
 *fill*         0x1000916b        0x1 
 .rodata.__func__.0
                0x1000916c        0x9 CMakeFiles/MGController_RP2040.dir/C_/Users/Bayu/.pico-sdk/sdk/2.2.0/src/rp2_common/hardware_pll/pll.c.obj
 .rodata.__aeabi_double_init.str1.4
                0x10009175       0x9a CMakeFiles/MGController_RP2040.dir/C_/Users/Bayu/.pico-sdk/sdk/2.2.0/src/rp2_common/pico_double/double_init_rom_rp2040.c.obj
 *fill*         0x10009175        0x3 
 .rodata.__func__.0
                0x10009178       0x14 CMakeFiles/MGController_RP2040.dir/C_/Users/Bayu/.pico-sdk/sdk/2.2.0/src/rp2_common/pico_double/double_init_rom_rp2040.c.obj
 .rodata.__aeabi_float_init.str1.4
                0x1000918c       0x8c CMakeFiles/MGController_RP2040.dir/C_/Users/Bayu/.pico-sdk/sdk/2.2.0/src/rp2_common/pico_float/float_init_rom_rp2040.c.obj
 .rodata.__func__.0
                0x1000918c       0x13 CMakeFiles/MGController_RP2040.dir/C_/Users/Bayu/.pico-sdk/sdk/2.2.0/src/rp2_common/pico_float/float_init_rom_rp2040.c.obj
 .rodata.str1.4
                0x1000919f       0x4c CMakeFiles/MGController_RP2040.dir/C_/Users/Bayu/.pico-sdk/sdk/2.2.0/src/rp2_common/pico_standard_binary_info/standard_binary_info.c.obj
 *fill*         0x1000919f        0x1 
 .rodata.__bi_84
                0x100091a0        0xc CMakeFiles/MGController_RP2040.dir/C_/Users/Bayu/.pico-sdk/sdk/2.2.0/src/rp2_common/pico_standard_binary_info/standard_binary_info.c.obj
 .rodata.__bi_78
                0x100091ac        0xc CMakeFiles/MGController_RP2040.dir/C_/Users/Bayu/.pico-sdk/sdk/2.2.0/src/rp2_common/pico_standard_binary_info/standard_binary_info.c.obj
 .rodata.__bi_60
                0x100091b8        0xc CMakeFiles/MGController_RP2040.dir/C_/Users/Bayu/.pico-sdk/sdk/2.2.0/src/rp2_common/pico_standard_binary_info/standard_binary_info.c.obj
 .rodata.__bi_54
                0x100091c4        0xc CMakeFiles/MGController_RP2040.dir/C_/Users/Bayu/.pico-sdk/sdk/2.2.0/src/rp2_common/pico_standard_binary_info/standard_binary_info.c.obj
 .rodata.__bi_48
                0x100091d0        0xc CMakeFiles/MGController_RP2040.dir/C_/Users/Bayu/.pico-sdk/sdk/2.2.0/src/rp2_common/pico_standard_binary_info/standard_binary_info.c.obj
 .rodata.__bi_42
                0x100091dc        0xc CMakeFiles/MGController_RP2040.dir/C_/Users/Bayu/.pico-sdk/sdk/2.2.0/src/rp2_common/pico_standard_binary_info/standard_binary_info.c.obj
 .rodata.__bi_34
                0x100091e8        0xc CMakeFiles/MGController_RP2040.dir/C_/Users/Bayu/.pico-sdk/sdk/2.2.0/src/rp2_common/pico_standard_binary_info/standard_binary_info.c.obj
 .rodata.__bi_26
                0x100091f4        0xc CMakeFiles/MGController_RP2040.dir/C_/Users/Bayu/.pico-sdk/sdk/2.2.0/src/rp2_common/pico_standard_binary_info/standard_binary_info.c.obj
 .rodata._ftoa.str1.4
                0x10009200       0x15 CMakeFiles/MGController_RP2040.dir/C_/Users/Bayu/.pico-sdk/sdk/2.2.0/src/rp2_common/pico_printf/printf.c.obj
 .rodata._vsnprintf